Archive member included to satisfy reference by file (symbol)

C:/esp/touch_pad_interrupt/build/cxx\libcxx.a(cxx_exception_stubs.o)
                              (__cxx_fatal_exception)
C:/esp/touch_pad_interrupt/build/cxx\libcxx.a(cxx_guards.o)
                              (__cxa_guard_dummy)
C:/esp/touch_pad_interrupt/build/esp32\libesp32.a(cpu_start.o)
                              (call_start_cpu0)
C:/esp/touch_pad_interrupt/build/esp32\libesp32.a(task_wdt.o)
                              C:/esp/touch_pad_interrupt/build/esp32\libesp32.a(cpu_start.o) (esp_task_wdt_init)
C:/esp/touch_pad_interrupt/build/esp32\libesp32.a(panic.o)
                              C:/esp/touch_pad_interrupt/build/cxx\libcxx.a(cxx_exception_stubs.o) (abort)
C:/esp/touch_pad_interrupt/build/esp32\libesp32.a(dport_panic_highint_hdl.o)
                              (ld_include_panic_highint_hdl)
C:/esp/touch_pad_interrupt/build/esp32\libesp32.a(int_wdt.o)
                              C:/esp/touch_pad_interrupt/build/esp32\libesp32.a(dport_panic_highint_hdl.o) (int_wdt_app_cpu_ticked)
C:/esp/touch_pad_interrupt/build/esp32\libesp32.a(brownout.o)
                              C:/esp/touch_pad_interrupt/build/esp32\libesp32.a(cpu_start.o) (esp_brownout_init)
C:/esp/touch_pad_interrupt/build/esp32\libesp32.a(system_api.o)
                              C:/esp/touch_pad_interrupt/build/esp32\libesp32.a(panic.o) (esp_restart_noos)
C:/esp/touch_pad_interrupt/build/esp32\libesp32.a(dport_access.o)
                              C:/esp/touch_pad_interrupt/build/esp32\libesp32.a(dport_panic_highint_hdl.o) (dport_access_start)
C:/esp/touch_pad_interrupt/build/esp32\libesp32.a(esp_timer.o)
                              C:/esp/touch_pad_interrupt/build/esp32\libesp32.a(cpu_start.o) (esp_timer_init)
C:/esp/touch_pad_interrupt/build/esp32\libesp32.a(intr_alloc.o)
                              C:/esp/touch_pad_interrupt/build/esp32\libesp32.a(task_wdt.o) (esp_intr_alloc)
C:/esp/touch_pad_interrupt/build/esp32\libesp32.a(ipc.o)
                              C:/esp/touch_pad_interrupt/build/esp32\libesp32.a(cpu_start.o) (esp_ipc_init)
C:/esp/touch_pad_interrupt/build/esp32\libesp32.a(cache_err_int.o)
                              C:/esp/touch_pad_interrupt/build/esp32\libesp32.a(cpu_start.o) (esp_cache_err_int_init)
C:/esp/touch_pad_interrupt/build/esp32\libesp32.a(freertos_hooks.o)
                              C:/esp/touch_pad_interrupt/build/esp32\libesp32.a(task_wdt.o) (esp_register_freertos_idle_hook_for_cpu)
C:/esp/touch_pad_interrupt/build/esp32\libesp32.a(clk.o)
                              C:/esp/touch_pad_interrupt/build/esp32\libesp32.a(cpu_start.o) (esp_clk_init)
C:/esp/touch_pad_interrupt/build/esp32\libesp32.a(esp_timer_esp32.o)
                              C:/esp/touch_pad_interrupt/build/esp32\libesp32.a(esp_timer.o) (esp_timer_impl_get_time)
C:/esp/touch_pad_interrupt/build/esp32\libesp32.a(crosscore_int.o)
                              C:/esp/touch_pad_interrupt/build/esp32\libesp32.a(cpu_start.o) (esp_crosscore_int_init)
C:/msys32/home/asus/esp-idf/components/esp32/libhal.a(int_asm--set_intclear.o)
                              C:/esp/touch_pad_interrupt/build/esp32\libesp32.a(intr_alloc.o) (xthal_set_intclear)
C:/esp/touch_pad_interrupt/build/freertos\libfreertos.a(FreeRTOS-openocd.o)
                              (uxTopUsedPriority)
C:/esp/touch_pad_interrupt/build/freertos\libfreertos.a(tasks.o)
                              C:/esp/touch_pad_interrupt/build/esp32\libesp32.a(system_api.o) (vTaskSuspendAll)
C:/esp/touch_pad_interrupt/build/freertos\libfreertos.a(port.o)
                              C:/esp/touch_pad_interrupt/build/freertos\libfreertos.a(tasks.o) (pxPortInitialiseStack)
C:/esp/touch_pad_interrupt/build/freertos\libfreertos.a(xtensa_init.o)
                              C:/esp/touch_pad_interrupt/build/freertos\libfreertos.a(port.o) (_xt_tick_divisor_init)
C:/esp/touch_pad_interrupt/build/freertos\libfreertos.a(list.o)
                              C:/esp/touch_pad_interrupt/build/freertos\libfreertos.a(tasks.o) (vListInitialise)
C:/esp/touch_pad_interrupt/build/freertos\libfreertos.a(queue.o)
                              C:/esp/touch_pad_interrupt/build/esp32\libesp32.a(ipc.o) (xQueueGenericCreate)
C:/esp/touch_pad_interrupt/build/freertos\libfreertos.a(xtensa_intr.o)
                              C:/esp/touch_pad_interrupt/build/esp32\libesp32.a(intr_alloc.o) (xt_unhandled_interrupt)
C:/esp/touch_pad_interrupt/build/freertos\libfreertos.a(portasm.o)
                              C:/esp/touch_pad_interrupt/build/esp32\libesp32.a(esp_timer.o) (_frxt_setup_switch)
C:/esp/touch_pad_interrupt/build/freertos\libfreertos.a(xtensa_vectors.o)
                              C:/esp/touch_pad_interrupt/build/freertos\libfreertos.a(port.o) (_xt_user_exit)
C:/esp/touch_pad_interrupt/build/freertos\libfreertos.a(xtensa_context.o)
[...]
Memory Configuration

Name             Origin             Length             Attributes
iram0_0_seg      0x40080000         0x00020000         xr
iram0_2_seg      0x400d0018         0x0032ffe8         xr
dram0_0_seg      0x3ffb0000         0x0002c200         rw
drom0_0_seg      0x3f400018         0x003fffe8         r
rtc_iram_seg     0x400c0000         0x00002000         xrw
rtc_slow_seg     0x50000000         0x00001000         rw
*default*        0x00000000         0xffffffff

Linker script and memory map

START GROUP
LOAD C:/esp/touch_pad_interrupt/build/app_trace\libapp_trace.a
LOAD C:/esp/touch_pad_interrupt/build/app_update\libapp_update.a
LOAD C:/esp/touch_pad_interrupt/build/bootloader_support\libbootloader_support.a
LOAD C:/esp/touch_pad_interrupt/build/bt\libbt.a
LOAD C:/esp/touch_pad_interrupt/build/coap\libcoap.a
LOAD C:/esp/touch_pad_interrupt/build/console\libconsole.a
LOAD C:/esp/touch_pad_interrupt/build/cxx\libcxx.a
LOAD C:/esp/touch_pad_interrupt/build/driver\libdriver.a
LOAD C:/esp/touch_pad_interrupt/build/esp32\libesp32.a
LOAD C:/msys32/home/asus/esp-idf/components/esp32/libhal.a
LOAD C:/msys32/home/asus/esp-idf/components/esp32/lib\libcore.a
LOAD C:/msys32/home/asus/esp-idf/components/esp32/lib\librtc.a
LOAD C:/msys32/home/asus/esp-idf/components/esp32/lib\libnet80211.a
LOAD C:/msys32/home/asus/esp-idf/components/esp32/lib\libpp.a
LOAD C:/msys32/home/asus/esp-idf/components/esp32/lib\libwpa.a
LOAD C:/msys32/home/asus/esp-idf/components/esp32/lib\libsmartconfig.a
LOAD C:/msys32/home/asus/esp-idf/components/esp32/lib\libcoexist.a
LOAD C:/msys32/home/asus/esp-idf/components/esp32/lib\libwps.a
LOAD C:/msys32/home/asus/esp-idf/components/esp32/lib\libwpa2.a
LOAD C:/msys32/home/asus/esp-idf/components/esp32/lib\libespnow.a
LOAD C:/msys32/home/asus/esp-idf/components/esp32/lib\libphy.a
LOAD C:/esp/touch_pad_interrupt/build/esp_adc_cal\libesp_adc_cal.a
LOAD C:/esp/touch_pad_interrupt/build/ethernet\libethernet.a
LOAD C:/esp/touch_pad_interrupt/build/expat\libexpat.a
LOAD C:/esp/touch_pad_interrupt/build/fatfs\libfatfs.a
LOAD C:/esp/touch_pad_interrupt/build/freertos\libfreertos.a
LOAD C:/esp/touch_pad_interrupt/build/heap\libheap.a
LOAD C:/esp/touch_pad_interrupt/build/idf_test\libidf_test.a
LOAD C:/esp/touch_pad_interrupt/build/jsmn\libjsmn.a
LOAD C:/esp/touch_pad_interrupt/build/json\libjson.a
LOAD C:/esp/touch_pad_interrupt/build/libsodium\liblibsodium.a
LOAD C:/esp/touch_pad_interrupt/build/log\liblog.a
LOAD C:/esp/touch_pad_interrupt/build/lwip\liblwip.a
LOAD C:/esp/touch_pad_interrupt/build/main\libmain.a
LOAD C:/esp/touch_pad_interrupt/build/mbedtls\libmbedtls.a
LOAD C:/esp/touch_pad_interrupt/build/mdns\libmdns.a
LOAD C:/esp/touch_pad_interrupt/build/micro-ecc\libmicro-ecc.a
LOAD C:/msys32/home/asus/esp-idf/components/newlib/lib/libc.a
LOAD C:/msys32/home/asus/esp-idf/components/newlib/lib/libm.a
LOAD C:/esp/touch_pad_interrupt/build/newlib\libnewlib.a
LOAD C:/esp/touch_pad_interrupt/build/nghttp\libnghttp.a
LOAD C:/esp/touch_pad_interrupt/build/nvs_flash\libnvs_flash.a
LOAD C:/esp/touch_pad_interrupt/build/openssl\libopenssl.a
LOAD C:/esp/touch_pad_interrupt/build/pthread\libpthread.a
LOAD C:/esp/touch_pad_interrupt/build/sdmmc\libsdmmc.a
LOAD C:/esp/touch_pad_interrupt/build/soc\libsoc.a
LOAD C:/esp/touch_pad_interrupt/build/spi_flash\libspi_flash.a
LOAD C:/esp/touch_pad_interrupt/build/spiffs\libspiffs.a
LOAD C:/esp/touch_pad_interrupt/build/tcpip_adapter\libtcpip_adapter.a
LOAD C:/esp/touch_pad_interrupt/build/ulp\libulp.a
LOAD C:/esp/touch_pad_interrupt/build/vfs\libvfs.a
LOAD C:/esp/touch_pad_interrupt/build/wear_levelling\libwear_levelling.a
LOAD C:/esp/touch_pad_interrupt/build/wpa_supplicant\libwpa_supplicant.a
LOAD C:/esp/touch_pad_interrupt/build/xtensa-debug-module\libxtensa-debug-module.a
LOAD c:/msys32/opt/xtensa-esp32-elf/bin/../lib/gcc/xtensa-esp32-elf/5.2.0\libgcc.a
LOAD c:/msys32/opt/xtensa-esp32-elf/bin/../lib/gcc/xtensa-esp32-elf/5.2.0/../../../../xtensa-esp32-elf/lib\libstdc++.a
LOAD c:/msys32/opt/xtensa-esp32-elf/bin/../lib/gcc/xtensa-esp32-elf/5.2.0\libgcov.a
END GROUP
                0x40000000                _heap_end = 0x40000000

.rtc.text       0x400c0000        0x0
                0x400c0000                . = ALIGN (0x4)
 *(.rtc.literal .rtc.text)
 *rtc_wake_stub*.o(.literal .text .literal.* .text.*)

.rtc.data       0x50000000        0x0
                0x50000000                _rtc_data_start = ABSOLUTE (.)
 *(.rtc.data)
 *(.rtc.rodata)
 *rtc_wake_stub*.o(.data .rodata .data.* .rodata.* .bss .bss.*)
                0x50000000                _rtc_data_end = ABSOLUTE (.)

.rtc.bss        0x50000000        0x0
                0x50000000                _rtc_bss_start = ABSOLUTE (.)
 *rtc_wake_stub*.o(.bss .bss.*)
 *rtc_wake_stub*.o(COMMON)
                0x50000000                _rtc_bss_end = ABSOLUTE (.)

.iram0.vectors  0x40080000      0x400
                0x40080000                _init_start = ABSOLUTE (.)
                0x00000000                . = 0x0
 *(.WindowVectors.text)
 .WindowVectors.text
                0x40080000      0x16a C:/esp/touch_pad_interrupt/build/freertos\libfreertos.a(xtensa_vectors.o)
                0x40080000                _WindowOverflow4
                0x40080040                _WindowUnderflow4
                0x40080050                _xt_alloca_exc
                0x40080080                _WindowOverflow8
                0x400800c0                _WindowUnderflow8
                0x40080100                _WindowOverflow12
                0x40080140                _WindowUnderflow12
                0x00000180                . = 0x180
 *fill*         0x4008016a       0x16 
 *(.Level2InterruptVector.text)
 .Level2InterruptVector.text
                0x40080180        0x6 C:/esp/touch_pad_interrupt/build/freertos\libfreertos.a(xtensa_vectors.o)
                0x40080180                _Level2Vector
                0x000001c0                . = 0x1c0
 *fill*         0x40080186       0x3a 
 *(.Level3InterruptVector.text)
 .Level3InterruptVector.text
                0x400801c0        0x6 C:/esp/touch_pad_interrupt/build/freertos\libfreertos.a(xtensa_vectors.o)
                0x400801c0                _Level3Vector
                0x00000200                . = 0x200
 *fill*         0x400801c6       0x3a 
 *(.Level4InterruptVector.text)
 .Level4InterruptVector.text
                0x40080200        0x6 C:/esp/touch_pad_interrupt/build/freertos\libfreertos.a(xtensa_vectors.o)
                0x40080200                _Level4Vector
                0x00000240                . = 0x240
 *fill*         0x40080206       0x3a 
 *(.Level5InterruptVector.text)
 .Level5InterruptVector.text
                0x40080240        0x6 C:/esp/touch_pad_interrupt/build/freertos\libfreertos.a(xtensa_vectors.o)
                0x40080240                _Level5Vector
                0x00000280                . = 0x280
 *fill*         0x40080246       0x3a 
 *(.DebugExceptionVector.text)
 .DebugExceptionVector.text
                0x40080280        0x6 C:/esp/touch_pad_interrupt/build/freertos\libfreertos.a(xtensa_vectors.o)
                0x40080280                _DebugExceptionVector
                0x000002c0                . = 0x2c0
 *fill*         0x40080286       0x3a 
 *(.NMIExceptionVector.text)
 .NMIExceptionVector.text
                0x400802c0        0x6 C:/esp/touch_pad_interrupt/build/freertos\libfreertos.a(xtensa_vectors.o)
                0x400802c0                _NMIExceptionVector
                0x00000300                . = 0x300
 *fill*         0x400802c6       0x3a 
 *(.KernelExceptionVector.text)
 .KernelExceptionVector.text
                0x40080300        0x6 C:/esp/touch_pad_interrupt/build/freertos\libfreertos.a(xtensa_vectors.o)
                0x40080300                _KernelExceptionVector
                0x00000340                . = 0x340
 *fill*         0x40080306       0x3a 
 *(.UserExceptionVector.text)
 .UserExceptionVector.text
                0x40080340        0x6 C:/esp/touch_pad_interrupt/build/freertos\libfreertos.a(xtensa_vectors.o)
                0x40080340                _UserExceptionVector
                0x000003c0                . = 0x3c0
 *fill*         0x40080346       0x7a 
 *(.DoubleExceptionVector.text)
 .DoubleExceptionVector.text
                0x400803c0        0xf C:/esp/touch_pad_interrupt/build/freertos\libfreertos.a(xtensa_vectors.o)
                0x400803c0                _DoubleExceptionVector
                0x00000400                . = 0x400
 *fill*         0x400803cf       0x31 
 *(.*Vector.literal)
 *(.UserEnter.literal)
 *(.UserEnter.text)
                0x40080400                . = ALIGN (0x10)
 *(.entry.text)
 *(.init.literal)
 *(.init)
                0x40080400                _init_end = ABSOLUTE (.)
                0x00000000                _iram_start = 0x0

.iram0.text     0x40080400     0x8658
                0x40080400                _iram_text_start = ABSOLUTE (.)
 *(.iram1 .iram1.*)
 .iram1.literal
                0x40080400       0xa8 C:/esp/touch_pad_interrupt/build/esp32\libesp32.a(cpu_start.o)
                                0x1d4 (size before relaxing)
 .iram1.literal
                0x400804a8       0x24 C:/esp/touch_pad_interrupt/build/esp32\libesp32.a(dport_panic_highint_hdl.o)
                                 0x28 (size before relaxing)
 .iram1.literal
                0x400804cc        0x8 C:/esp/touch_pad_interrupt/build/esp32\libesp32.a(int_wdt.o)
                                  0xc (size before relaxing)
 .iram1.literal
                0x400804d4       0x64 C:/esp/touch_pad_interrupt/build/esp32\libesp32.a(system_api.o)
                                 0xc8 (size before relaxing)
 .iram1.literal
                0x40080538       0x24 C:/esp/touch_pad_interrupt/build/esp32\libesp32.a(dport_access.o)
                                 0x7c (size before relaxing)
 .iram1.literal
                0x4008055c       0x20 C:/esp/touch_pad_interrupt/build/esp32\libesp32.a(esp_timer.o)
                                 0x54 (size before relaxing)
 .iram1.literal
                0x4008057c       0x20 C:/esp/touch_pad_interrupt/build/esp32\libesp32.a(intr_alloc.o)
                                 0x7c (size before relaxing)
 .iram1.literal
                0x4008059c       0x20 C:/esp/touch_pad_interrupt/build/esp32\libesp32.a(ipc.o)
                                 0x34 (size before relaxing)
 .iram1.literal
                0x400805bc        0xc C:/esp/touch_pad_interrupt/build/esp32\libesp32.a(cache_err_int.o)
                                 0x20 (size before relaxing)
 .iram1.literal
                0x400805c8        0x4 C:/esp/touch_pad_interrupt/build/esp32\libesp32.a(freertos_hooks.o)
 .iram1.literal
                0x400805cc        0xc C:/esp/touch_pad_interrupt/build/esp32\libesp32.a(clk.o)
                                 0x18 (size before relaxing)
 .iram1.literal
                0x400805d8       0x44 C:/esp/touch_pad_interrupt/build/esp32\libesp32.a(esp_timer_esp32.o)
                                 0xc8 (size before relaxing)
 .iram1.literal
                0x4008061c       0x1c C:/esp/touch_pad_interrupt/build/esp32\libesp32.a(crosscore_int.o)
                                 0x40 (size before relaxing)
 .iram1.literal
                0x40080638        0x4 C:/esp/touch_pad_interrupt/build/freertos\libfreertos.a(port.o)
 .iram1.literal
                0x4008063c       0x44 C:/esp/touch_pad_interrupt/build/freertos\libfreertos.a(xtensa_vectors.o)
                                 0x68 (size before relaxing)
 .iram1.literal
                0x40080680       0x58 C:/esp/touch_pad_interrupt/build/heap\libheap.a(heap_caps.o)
                                 0xb0 (size before relaxing)
 .iram1.literal
                0x400806d8       0x24 C:/esp/touch_pad_interrupt/build/log\liblog.a(log.o)
                                 0x48 (size before relaxing)
 .iram1.literal
                0x400806fc       0x14 C:/esp/touch_pad_interrupt/build/newlib\libnewlib.a(locks.o)
                                 0x90 (size before relaxing)
 .iram1.literal
                0x40080710        0x0 C:/esp/touch_pad_interrupt/build/newlib\libnewlib.a(syscalls.o)
                                 0x14 (size before relaxing)
 .iram1.literal
                0x40080710        0x8 C:/esp/touch_pad_interrupt/build/newlib\libnewlib.a(reent_init.o)
                                 0x10 (size before relaxing)
 .iram1.literal
                0x40080718        0x0 C:/esp/touch_pad_interrupt/build/newlib\libnewlib.a(time.o)
                                 0x1c (size before relaxing)
 .iram1.literal
                0x40080718       0x1c C:/esp/touch_pad_interrupt/build/soc\libsoc.a(cpu_util.o)
                                 0x30 (size before relaxing)
 .iram1.literal
                0x40080734       0x38 C:/esp/touch_pad_interrupt/build/spi_flash\libspi_flash.a(flash_ops.o)
                                 0xe4 (size before relaxing)
 .iram1.literal
                0x4008076c       0x50 C:/esp/touch_pad_interrupt/build/spi_flash\libspi_flash.a(cache_utils.o)
                                0x144 (size before relaxing)
 .iram1.literal
                0x400807bc       0x4c C:/esp/touch_pad_interrupt/build/spi_flash\libspi_flash.a(flash_mmap.o)
                                0x108 (size before relaxing)
 .iram1.literal
                0x40080808       0x34 C:/esp/touch_pad_interrupt/build/driver\libdriver.a(rtc_module.o)
                                 0x60 (size before relaxing)
 .literal.prvResetNextTaskUnblockTime
                0x4008083c        0x8 C:/esp/touch_pad_interrupt/build/freertos\libfreertos.a(tasks.o)
 .literal.prvDeleteTLS
                0x40080844       0x10 C:/esp/touch_pad_interrupt/build/freertos\libfreertos.a(tasks.o)
                                 0x18 (size before relaxing)
 .literal.prvInitialiseNewTask
                0x40080854        0x0 C:/esp/touch_pad_interrupt/build/freertos\libfreertos.a(tasks.o)
                                 0x18 (size before relaxing)
 .literal.prvInitialiseTaskLists
                0x40080854       0x20 C:/esp/touch_pad_interrupt/build/freertos\libfreertos.a(tasks.o)
                                 0x40 (size before relaxing)
 .literal.prvDeleteTCB
                0x40080874        0x8 C:/esp/touch_pad_interrupt/build/freertos\libfreertos.a(tasks.o)
                                 0x2c (size before relaxing)
 .literal.prvAddCurrentTaskToDelayedList
                0x4008087c        0x4 C:/esp/touch_pad_interrupt/build/freertos\libfreertos.a(tasks.o)
                                 0x1c (size before relaxing)
 .literal.taskYIELD_OTHER_CORE
                0x40080880        0x0 C:/esp/touch_pad_interrupt/build/freertos\libfreertos.a(tasks.o)
                                 0x10 (size before relaxing)
 .literal.vTaskSuspendAll
                0x40080880        0x4 C:/esp/touch_pad_interrupt/build/freertos\libfreertos.a(tasks.o)
                                  0x8 (size before relaxing)
 .literal.xTaskGetIdleTaskHandleForCPU
                0x40080884        0xc C:/esp/touch_pad_interrupt/build/freertos\libfreertos.a(tasks.o)
                                 0x1c (size before relaxing)
 .literal.vTaskSwitchContext
                0x40080890       0x18 C:/esp/touch_pad_interrupt/build/freertos\libfreertos.a(tasks.o)
                                 0x3c (size before relaxing)
 .literal.vTaskSetTimeOutState
                0x400808a8        0xc C:/esp/touch_pad_interrupt/build/freertos\libfreertos.a(tasks.o)
                                 0x20 (size before relaxing)
 .literal.xTaskGetCurrentTaskHandle
                0x400808b4        0x0 C:/esp/touch_pad_interrupt/build/freertos\libfreertos.a(tasks.o)
                                  0x8 (size before relaxing)
 .literal.__getreent
                0x400808b4        0x0 C:/esp/touch_pad_interrupt/build/freertos\libfreertos.a(tasks.o)
                                  0x8 (size before relaxing)
 .literal.pcTaskGetTaskName
                0x400808b4        0x8 C:/esp/touch_pad_interrupt/build/freertos\libfreertos.a(tasks.o)
                                 0x1c (size before relaxing)
 .literal.xTaskGetAffinity
                0x400808bc        0x0 C:/esp/touch_pad_interrupt/build/freertos\libfreertos.a(tasks.o)
                                  0x4 (size before relaxing)
 .literal.xTaskGetCurrentTaskHandleForCPU
                0x400808bc        0x0 C:/esp/touch_pad_interrupt/build/freertos\libfreertos.a(tasks.o)
                                  0x4 (size before relaxing)
 .literal.xTaskGetSchedulerState
                0x400808bc        0x4 C:/esp/touch_pad_interrupt/build/freertos\libfreertos.a(tasks.o)
                                  0xc (size before relaxing)
 .literal.vTaskEnterCritical
                0x400808c0       0x20 C:/esp/touch_pad_interrupt/build/freertos\libfreertos.a(tasks.o)
                                 0x34 (size before relaxing)
 .literal.vTaskExitCritical
                0x400808e0       0x10 C:/esp/touch_pad_interrupt/build/freertos\libfreertos.a(tasks.o)
                                 0x30 (size before relaxing)
 .literal.prvAddNewTaskToReadyList
                0x400808f0       0x10 C:/esp/touch_pad_interrupt/build/freertos\libfreertos.a(tasks.o)
                                 0x58 (size before relaxing)
 .literal.xTaskCreatePinnedToCore
                0x40080900        0x0 C:/esp/touch_pad_interrupt/build/freertos\libfreertos.a(tasks.o)
                                 0x18 (size before relaxing)
 .literal.vTaskStartScheduler
                0x40080900       0x10 C:/esp/touch_pad_interrupt/build/freertos\libfreertos.a(tasks.o)
                                 0x38 (size before relaxing)
 .literal.vTaskDelete
                0x40080910        0x8 C:/esp/touch_pad_interrupt/build/freertos\libfreertos.a(tasks.o)
                                 0x60 (size before relaxing)
 .literal.vTaskDelay
                0x40080918        0x4 C:/esp/touch_pad_interrupt/build/freertos\libfreertos.a(tasks.o)
                                 0x38 (size before relaxing)
 .literal.prvCheckTasksWaitingTermination
                0x4008091c        0x8 C:/esp/touch_pad_interrupt/build/freertos\libfreertos.a(tasks.o)
                                 0x30 (size before relaxing)
 .literal.prvIdleTask
                0x40080924        0x0 C:/esp/touch_pad_interrupt/build/freertos\libfreertos.a(tasks.o)
                                  0x8 (size before relaxing)
 .literal.xTaskGetTickCount
                0x40080924        0x4 C:/esp/touch_pad_interrupt/build/freertos\libfreertos.a(tasks.o)
                                 0x10 (size before relaxing)
 .literal.xTaskIncrementTick
                0x40080928        0xc C:/esp/touch_pad_interrupt/build/freertos\libfreertos.a(tasks.o)
                                 0x78 (size before relaxing)
 .literal.xTaskResumeAll
                0x40080934        0x8 C:/esp/touch_pad_interrupt/build/freertos\libfreertos.a(tasks.o)
                                 0x5c (size before relaxing)
 .literal.vTaskPlaceOnEventList
                0x4008093c        0x8 C:/esp/touch_pad_interrupt/build/freertos\libfreertos.a(tasks.o)
                                 0x40 (size before relaxing)
 .literal.vTaskPlaceOnEventListRestricted
                0x40080944        0x8 C:/esp/touch_pad_interrupt/build/freertos\libfreertos.a(tasks.o)
                                 0x38 (size before relaxing)
 .literal.xTaskRemoveFromEventList
                0x4008094c        0x8 C:/esp/touch_pad_interrupt/build/freertos\libfreertos.a(tasks.o)
                                 0x58 (size before relaxing)
 .literal.xTaskCheckForTimeOut
                0x40080954        0xc C:/esp/touch_pad_interrupt/build/freertos\libfreertos.a(tasks.o)
                                 0x3c (size before relaxing)
 .literal.vTaskPriorityInherit
                0x40080960        0x0 C:/esp/touch_pad_interrupt/build/freertos\libfreertos.a(tasks.o)
                                 0x2c (size before relaxing)
 .literal.xTaskPriorityDisinherit
                0x40080960        0x8 C:/esp/touch_pad_interrupt/build/freertos\libfreertos.a(tasks.o)
                                 0x40 (size before relaxing)
 .literal.pvTaskIncrementMutexHeldCount
                0x40080968        0x0 C:/esp/touch_pad_interrupt/build/freertos\libfreertos.a(tasks.o)
                                 0x10 (size before relaxing)
 .literal.pxPortInitialiseStack
                0x40080968        0x4 C:/esp/touch_pad_interrupt/build/freertos\libfreertos.a(port.o)
                                  0x8 (size before relaxing)
 .literal.xPortStartScheduler
                0x4008096c        0x0 C:/esp/touch_pad_interrupt/build/freertos\libfreertos.a(port.o)
                                 0x14 (size before relaxing)
 .literal.xPortSysTickHandler
                0x4008096c        0x0 C:/esp/touch_pad_interrupt/build/freertos\libfreertos.a(port.o)
                                  0x8 (size before relaxing)
 .literal.vPortYieldOtherCore
                0x4008096c        0x0 C:/esp/touch_pad_interrupt/build/freertos\libfreertos.a(port.o)
                                  0x4 (size before relaxing)
 .literal.vPortReleaseTaskMPUSettings
                0x4008096c        0x0 C:/esp/touch_pad_interrupt/build/freertos\libfreertos.a(port.o)
                                  0x4 (size before relaxing)
 .literal.xPortInIsrContext
                0x4008096c        0x0 C:/esp/touch_pad_interrupt/build/freertos\libfreertos.a(port.o)
                                  0x8 (size before relaxing)
 .literal.vPortCPUInitializeMutex
                0x4008096c        0x0 C:/esp/touch_pad_interrupt/build/freertos\libfreertos.a(port.o)
                                  0x4 (size before relaxing)
 .literal.vPortCPUAcquireMutex
                0x4008096c       0x14 C:/esp/touch_pad_interrupt/build/freertos\libfreertos.a(port.o)
                                 0x30 (size before relaxing)
 .literal.vPortCPUReleaseMutex
                0x40080980       0x10 C:/esp/touch_pad_interrupt/build/freertos\libfreertos.a(port.o)
                                 0x28 (size before relaxing)
 .literal._xt_tick_divisor_init
                0x40080990        0x8 C:/esp/touch_pad_interrupt/build/freertos\libfreertos.a(xtensa_init.o)
                                  0xc (size before relaxing)
 .literal.prvIsQueueFull
                0x40080998        0x0 C:/esp/touch_pad_interrupt/build/freertos\libfreertos.a(queue.o)
                                  0x8 (size before relaxing)
 .literal.prvCopyDataToQueue
                0x40080998        0x0 C:/esp/touch_pad_interrupt/build/freertos\libfreertos.a(queue.o)
                                  0xc (size before relaxing)
 .literal.prvNotifyQueueSetContainer
                0x40080998       0x14 C:/esp/touch_pad_interrupt/build/freertos\libfreertos.a(queue.o)
                                 0x2c (size before relaxing)
 .literal.prvCopyDataFromQueue
                0x400809ac        0x0 C:/esp/touch_pad_interrupt/build/freertos\libfreertos.a(queue.o)
                                  0x4 (size before relaxing)
 .literal.xQueueGenericReset
                0x400809ac        0x4 C:/esp/touch_pad_interrupt/build/freertos\libfreertos.a(queue.o)
                                 0x30 (size before relaxing)
 .literal.prvInitialiseNewQueue
                0x400809b0        0x0 C:/esp/touch_pad_interrupt/build/freertos\libfreertos.a(queue.o)
                                  0x4 (size before relaxing)
 .literal.xQueueGenericCreate
                0x400809b0        0x4 C:/esp/touch_pad_interrupt/build/freertos\libfreertos.a(queue.o)
                                 0x1c (size before relaxing)
 .literal.xQueueGetMutexHolder
                0x400809b4        0x0 C:/esp/touch_pad_interrupt/build/freertos\libfreertos.a(queue.o)
                                  0x8 (size before relaxing)
 .literal.xQueueCreateCountingSemaphore
                0x400809b4        0x4 C:/esp/touch_pad_interrupt/build/freertos\libfreertos.a(queue.o)
                                 0x28 (size before relaxing)
 .literal.xQueueGenericSend
                0x400809b8        0x4 C:/esp/touch_pad_interrupt/build/freertos\libfreertos.a(queue.o)
                                 0x7c (size before relaxing)
 .literal.prvInitialiseMutex
                0x400809bc        0x0 C:/esp/touch_pad_interrupt/build/freertos\libfreertos.a(queue.o)
                                  0x8 (size before relaxing)
 .literal.xQueueCreateMutex
                0x400809bc        0x0 C:/esp/touch_pad_interrupt/build/freertos\libfreertos.a(queue.o)
                                  0x8 (size before relaxing)
 .literal.xQueueGiveMutexRecursive
                0x400809bc        0x4 C:/esp/touch_pad_interrupt/build/freertos\libfreertos.a(queue.o)
                                 0x1c (size before relaxing)
 .literal.xQueueGenericSendFromISR
                0x400809c0        0x4 C:/esp/touch_pad_interrupt/build/freertos\libfreertos.a(queue.o)
                                 0x3c (size before relaxing)
 .literal.xQueueGiveFromISR
                0x400809c4        0x4 C:/esp/touch_pad_interrupt/build/freertos\libfreertos.a(queue.o)
                                 0x30 (size before relaxing)
 .literal.xQueueGenericReceive
                0x400809c8        0x4 C:/esp/touch_pad_interrupt/build/freertos\libfreertos.a(queue.o)
                                 0x78 (size before relaxing)
 .literal.xQueueTakeMutexRecursive
                0x400809cc        0x4 C:/esp/touch_pad_interrupt/build/freertos\libfreertos.a(queue.o)
                                 0x1c (size before relaxing)
 .literal.xQueueReceiveFromISR
                0x400809d0        0x4 C:/esp/touch_pad_interrupt/build/freertos\libfreertos.a(queue.o)
                                 0x30 (size before relaxing)
 .literal.vQueueDelete
                0x400809d4        0x4 C:/esp/touch_pad_interrupt/build/freertos\libfreertos.a(queue.o)
                                 0x18 (size before relaxing)
 .literal.vQueueWaitForMessageRestricted
                0x400809d8        0x0 C:/esp/touch_pad_interrupt/build/freertos\libfreertos.a(queue.o)
                                  0xc (size before relaxing)
 .literal.xt_unhandled_interrupt
                0x400809d8        0x4 C:/esp/touch_pad_interrupt/build/freertos\libfreertos.a(xtensa_intr.o)
                                  0x8 (size before relaxing)
 .literal.xt_set_interrupt_handler
                0x400809dc        0x8 C:/esp/touch_pad_interrupt/build/freertos\libfreertos.a(xtensa_intr.o)
                                  0xc (size before relaxing)
 .literal       0x400809e4        0xc C:/esp/touch_pad_interrupt/build/freertos\libfreertos.a(portasm.o)
                                 0x54 (size before relaxing)
 .literal       0x400809f0        0x0 C:/esp/touch_pad_interrupt/build/freertos\libfreertos.a(xtensa_context.o)
                                 0x10 (size before relaxing)
 .literal.prvGetNextExpireTime
                0x400809f0        0x4 C:/esp/touch_pad_interrupt/build/freertos\libfreertos.a(timers.o)
 .literal.prvInsertTimerInActiveList
                0x400809f4        0x4 C:/esp/touch_pad_interrupt/build/freertos\libfreertos.a(timers.o)
                                 0x10 (size before relaxing)
 .literal.prvCheckForValidListAndQueue
                0x400809f8       0x1c C:/esp/touch_pad_interrupt/build/freertos\libfreertos.a(timers.o)
                                 0x44 (size before relaxing)
 .literal.prvInitialiseNewTimer
                0x40080a14        0x4 C:/esp/touch_pad_interrupt/build/freertos\libfreertos.a(timers.o)
                                 0x1c (size before relaxing)
 .literal.xTimerCreateTimerTask
                0x40080a18       0x10 C:/esp/touch_pad_interrupt/build/freertos\libfreertos.a(timers.o)
                                 0x2c (size before relaxing)
 .literal.xTimerCreate
                0x40080a28        0x0 C:/esp/touch_pad_interrupt/build/freertos\libfreertos.a(timers.o)
                                  0x8 (size before relaxing)
 .literal.xTimerGenericCommand
                0x40080a28        0x0 C:/esp/touch_pad_interrupt/build/freertos\libfreertos.a(timers.o)
                                 0x14 (size before relaxing)
 .literal.prvSwitchTimerLists
                0x40080a28        0x4 C:/esp/touch_pad_interrupt/build/freertos\libfreertos.a(timers.o)
                                 0x28 (size before relaxing)
 .literal.prvSampleTimeNow
                0x40080a2c        0x4 C:/esp/touch_pad_interrupt/build/freertos\libfreertos.a(timers.o)
                                  0xc (size before relaxing)
 .literal.prvProcessExpiredTimer
                0x40080a30        0x4 C:/esp/touch_pad_interrupt/build/freertos\libfreertos.a(timers.o)
                                 0x24 (size before relaxing)
 .literal.prvProcessTimerOrBlockTask
                0x40080a34        0x0 C:/esp/touch_pad_interrupt/build/freertos\libfreertos.a(timers.o)
                                 0x24 (size before relaxing)
 .literal.prvProcessReceivedCommands
                0x40080a34        0x8 C:/esp/touch_pad_interrupt/build/freertos\libfreertos.a(timers.o)
                                 0x40 (size before relaxing)
 .literal.prvTimerTask
                0x40080a3c        0x0 C:/esp/touch_pad_interrupt/build/freertos\libfreertos.a(timers.o)
                                  0xc (size before relaxing)
 .literal.get_prev_free_block
                0x40080a3c       0x10 C:/esp/touch_pad_interrupt/build/heap\libheap.a(multi_heap.o)
                                 0x28 (size before relaxing)
 .literal.split_if_necessary
                0x40080a4c        0x8 C:/esp/touch_pad_interrupt/build/heap\libheap.a(multi_heap.o)
                                 0x38 (size before relaxing)
 .literal.assert_valid_block
                0x40080a54        0x8 C:/esp/touch_pad_interrupt/build/heap\libheap.a(multi_heap.o)
                                 0x2c (size before relaxing)
 .literal.merge_adjacent
                0x40080a5c        0x8 C:/esp/touch_pad_interrupt/build/heap\libheap.a(multi_heap.o)
                                 0x4c (size before relaxing)
 .literal.multi_heap_get_allocated_size_impl
                0x40080a64        0x0 C:/esp/touch_pad_interrupt/build/heap\libheap.a(multi_heap.o)
                                 0x10 (size before relaxing)
 .literal.multi_heap_malloc_impl
                0x40080a64        0x0 C:/esp/touch_pad_interrupt/build/heap\libheap.a(multi_heap.o)
                                 0x28 (size before relaxing)
 .literal.multi_heap_free_impl
                0x40080a64        0x0 C:/esp/touch_pad_interrupt/build/heap\libheap.a(multi_heap.o)
                                 0x50 (size before relaxing)
 .literal.multi_heap_realloc_impl
                0x40080a64        0x8 C:/esp/touch_pad_interrupt/build/heap\libheap.a(multi_heap.o)
                                 0x68 (size before relaxing)
 .literal.panicPutChar
                0x40080a6c        0x8 C:/esp/touch_pad_interrupt/build/esp32\libesp32.a(panic.o)
 .literal.panicPutStr
                0x40080a74        0x0 C:/esp/touch_pad_interrupt/build/esp32\libesp32.a(panic.o)
                                  0x4 (size before relaxing)
 .literal.panicPutHex
                0x40080a74        0x0 C:/esp/touch_pad_interrupt/build/esp32\libesp32.a(panic.o)
                                  0x8 (size before relaxing)
 .literal.panicPutDec
                0x40080a74        0x4 C:/esp/touch_pad_interrupt/build/esp32\libesp32.a(panic.o)
                                 0x10 (size before relaxing)
 .literal.reconfigureAllWdts
                0x40080a78       0x10 C:/esp/touch_pad_interrupt/build/esp32\libesp32.a(panic.o)
                                 0x24 (size before relaxing)
 .literal.putEntry
                0x40080a88        0xc C:/esp/touch_pad_interrupt/build/esp32\libesp32.a(panic.o)
                                 0x20 (size before relaxing)
 .literal.doBacktrace
                0x40080a94       0x10 C:/esp/touch_pad_interrupt/build/esp32\libesp32.a(panic.o)
                                 0x24 (size before relaxing)
 .literal.invoke_abort
                0x40080aa4        0x4 C:/esp/touch_pad_interrupt/build/esp32\libesp32.a(panic.o)
                                  0x8 (size before relaxing)
 .literal.haltOtherCore
                0x40080aa8        0x0 C:/esp/touch_pad_interrupt/build/esp32\libesp32.a(panic.o)
                                  0x4 (size before relaxing)
 .literal.esp_panic_wdt_start
                0x40080aa8       0x14 C:/esp/touch_pad_interrupt/build/esp32\libesp32.a(panic.o)
                                 0x2c (size before relaxing)
 .literal.commonErrorHandler_dump
                0x40080abc       0x30 C:/esp/touch_pad_interrupt/build/esp32\libesp32.a(panic.o)
                                 0x90 (size before relaxing)
 .literal.esp_panic_dig_reset
                0x40080aec        0x0 C:/esp/touch_pad_interrupt/build/esp32\libesp32.a(panic.o)
                                 0x14 (size before relaxing)
 .literal.abort
                0x40080aec        0x8 C:/esp/touch_pad_interrupt/build/esp32\libesp32.a(panic.o)
                                 0x10 (size before relaxing)
 .literal.vApplicationStackOverflowHook
                0x40080af4        0x8 C:/esp/touch_pad_interrupt/build/esp32\libesp32.a(panic.o)
                                 0x18 (size before relaxing)
 .literal.esp_panic_wdt_stop
                0x40080afc        0x0 C:/esp/touch_pad_interrupt/build/esp32\libesp32.a(panic.o)
                                 0x18 (size before relaxing)
 .literal.commonErrorHandler
                0x40080afc        0x4 C:/esp/touch_pad_interrupt/build/esp32\libesp32.a(panic.o)
                                 0x28 (size before relaxing)
 .literal.panicHandler
                0x40080b00       0x34 C:/esp/touch_pad_interrupt/build/esp32\libesp32.a(panic.o)
                                 0xa4 (size before relaxing)
 .literal.xt_unhandled_exception
                0x40080b34       0x14 C:/esp/touch_pad_interrupt/build/esp32\libesp32.a(panic.o)
                                 0x60 (size before relaxing)
 .literal._esp_error_check_failed
                0x40080b48        0xc C:/esp/touch_pad_interrupt/build/esp32\libesp32.a(panic.o)
                                 0x1c (size before relaxing)
 .literal.rtc_clk_32k_enable_internal
                0x40080b54       0x14 C:/esp/touch_pad_interrupt/build/soc\libsoc.a(rtc_clk.o)
 .literal.rtc_clk_32k_enable
                0x40080b68        0x4 C:/esp/touch_pad_interrupt/build/soc\libsoc.a(rtc_clk.o)
                                  0xc (size before relaxing)
 .literal.rtc_clk_slow_freq_set
                0x40080b6c        0x4 C:/esp/touch_pad_interrupt/build/soc\libsoc.a(rtc_clk.o)
                                  0xc (size before relaxing)
 .literal.rtc_clk_slow_freq_get
                0x40080b70        0x0 C:/esp/touch_pad_interrupt/build/soc\libsoc.a(rtc_clk.o)
                                  0x4 (size before relaxing)
 .literal.rtc_clk_slow_freq_get_hz
                0x40080b70        0xc C:/esp/touch_pad_interrupt/build/soc\libsoc.a(rtc_clk.o)
                                 0x10 (size before relaxing)
 .literal.rtc_clk_fast_freq_set
                0x40080b7c        0x4 C:/esp/touch_pad_interrupt/build/soc\libsoc.a(rtc_clk.o)
                                  0xc (size before relaxing)
 .literal.rtc_clk_bbpll_set
                0x40080b80        0xc C:/esp/touch_pad_interrupt/build/soc\libsoc.a(rtc_clk.o)
                                 0x38 (size before relaxing)
 .literal.rtc_clk_xtal_freq_get
                0x40080b8c        0xc C:/esp/touch_pad_interrupt/build/soc\libsoc.a(rtc_clk.o)
                                 0x1c (size before relaxing)
 .literal.rtc_clk_cpu_freq_get
                0x40080b98       0x14 C:/esp/touch_pad_interrupt/build/soc\libsoc.a(rtc_clk.o)
                                 0x30 (size before relaxing)
 .literal.rtc_clk_cpu_freq_value
                0x40080bac       0x1c C:/esp/touch_pad_interrupt/build/soc\libsoc.a(rtc_clk.o)
                                 0x2c (size before relaxing)
 .literal.rtc_clk_apb_freq_update
                0x40080bc8        0x4 C:/esp/touch_pad_interrupt/build/soc\libsoc.a(rtc_clk.o)
                                  0x8 (size before relaxing)
 .literal.rtc_clk_cpu_freq_set
                0x40080bcc       0x1c C:/esp/touch_pad_interrupt/build/soc\libsoc.a(rtc_clk.o)
                                 0x98 (size before relaxing)
 .literal.rtc_clk_apb_freq_get
                0x40080be8        0x8 C:/esp/touch_pad_interrupt/build/soc\libsoc.a(rtc_clk.o)
                                 0x14 (size before relaxing)
 .literal.rtc_clk_cal_internal
                0x40080bf0       0x14 C:/esp/touch_pad_interrupt/build/soc\libsoc.a(rtc_time.o)
                                 0x3c (size before relaxing)
 .literal.rtc_clk_cal
                0x40080c04        0x0 C:/esp/touch_pad_interrupt/build/soc\libsoc.a(rtc_time.o)
                                  0xc (size before relaxing)
 .literal.rtc_time_get
                0x40080c04       0x10 C:/esp/touch_pad_interrupt/build/soc\libsoc.a(rtc_time.o)
                                 0x18 (size before relaxing)
 .literal.rtc_clk_wait_for_slow_cycle
                0x40080c14        0x8 C:/esp/touch_pad_interrupt/build/soc\libsoc.a(rtc_time.o)
                                 0x20 (size before relaxing)
 .literal.rtc_init
                0x40080c1c       0x80 C:/esp/touch_pad_interrupt/build/soc\libsoc.a(rtc_init.o)
                                0x100 (size before relaxing)
 .literal       0x40080c9c        0x0 C:/msys32/home/asus/esp-idf/components/esp32/libhal.a(windowspill_asm.o)
                                  0x4 (size before relaxing)
 .literal.esp_rom_spiflash_read_status
                0x40080c9c       0x10 C:/esp/touch_pad_interrupt/build/spi_flash\libspi_flash.a(spi_flash_rom_patch.o)
                                 0x14 (size before relaxing)
 .literal.esp_rom_spiflash_wait_idle
                0x40080cac        0x8 C:/esp/touch_pad_interrupt/build/spi_flash\libspi_flash.a(spi_flash_rom_patch.o)
                                  0xc (size before relaxing)
 .literal.esp_rom_spiflash_erase_block_internal
                0x40080cb4        0x4 C:/esp/touch_pad_interrupt/build/spi_flash\libspi_flash.a(spi_flash_rom_patch.o)
                                 0x18 (size before relaxing)
 .literal.esp_rom_spiflash_erase_sector_internal
                0x40080cb8        0x0 C:/esp/touch_pad_interrupt/build/spi_flash\libspi_flash.a(spi_flash_rom_patch.o)
                                 0x18 (size before relaxing)
 .literal.esp_rom_spiflash_read_data
                0x40080cb8       0x18 C:/esp/touch_pad_interrupt/build/spi_flash\libspi_flash.a(spi_flash_rom_patch.o)
                                 0x34 (size before relaxing)
 .literal.esp_rom_spiflash_enable_write
                0x40080cd0        0x0 C:/esp/touch_pad_interrupt/build/spi_flash\libspi_flash.a(spi_flash_rom_patch.o)
                                 0x10 (size before relaxing)
 .literal.esp_rom_spiflash_program_page_internal
                0x40080cd0       0x10 C:/esp/touch_pad_interrupt/build/spi_flash\libspi_flash.a(spi_flash_rom_patch.o)
                                 0x40 (size before relaxing)
 .literal.esp_rom_spiflash_read_statushigh
                0x40080ce0        0x4 C:/esp/touch_pad_interrupt/build/spi_flash\libspi_flash.a(spi_flash_rom_patch.o)
                                  0xc (size before relaxing)
 .literal.esp_rom_spiflash_write_status
                0x40080ce4        0x4 C:/esp/touch_pad_interrupt/build/spi_flash\libspi_flash.a(spi_flash_rom_patch.o)
                                 0x14 (size before relaxing)
 .literal.esp_rom_spiflash_unlock
                0x40080ce8        0x8 C:/esp/touch_pad_interrupt/build/spi_flash\libspi_flash.a(spi_flash_rom_patch.o)
                                 0x28 (size before relaxing)
 .literal.esp_rom_spiflash_erase_block
                0x40080cf0        0xc C:/esp/touch_pad_interrupt/build/spi_flash\libspi_flash.a(spi_flash_rom_patch.o)
                                 0x20 (size before relaxing)
 .literal.esp_rom_spiflash_erase_sector
                0x40080cfc        0x0 C:/esp/touch_pad_interrupt/build/spi_flash\libspi_flash.a(spi_flash_rom_patch.o)
                                 0x20 (size before relaxing)
 .literal.esp_rom_spiflash_write
                0x40080cfc        0x0 C:/esp/touch_pad_interrupt/build/spi_flash\libspi_flash.a(spi_flash_rom_patch.o)
                                 0x28 (size before relaxing)
 .literal.esp_rom_spiflash_write_encrypted
                0x40080cfc        0xc C:/esp/touch_pad_interrupt/build/spi_flash\libspi_flash.a(spi_flash_rom_patch.o)
                                 0x10 (size before relaxing)
 .literal.esp_rom_spiflash_read
                0x40080d08       0x30 C:/esp/touch_pad_interrupt/build/spi_flash\libspi_flash.a(spi_flash_rom_patch.o)
                                 0x5c (size before relaxing)
 .literal       0x40080d38       0x10 C:/msys32/home/asus/esp-idf/components/newlib/lib/libm.a(lib_a-s_fpclassify.o)
                                 0x18 (size before relaxing)
 .iram1         0x40080d48      0x29e C:/esp/touch_pad_interrupt/build/esp32\libesp32.a(cpu_start.o)
                                0x35e (size before relaxing)
                0x40080d48                start_cpu0_default
                0x40080d48                start_cpu0
                0x40080e18                start_cpu1
                0x40080e18                start_cpu1_default
                0x40080e94                call_start_cpu0
 *fill*         0x40080fe6        0x2 
 .iram1         0x40080fe8       0xda C:/esp/touch_pad_interrupt/build/esp32\libesp32.a(dport_panic_highint_hdl.o)
                0x40080fe8                xt_highint4
                0x400810c2                ld_include_panic_highint_hdl
 *fill*         0x400810c2        0x2 
 .iram1         0x400810c4       0x53 C:/esp/touch_pad_interrupt/build/esp32\libesp32.a(int_wdt.o)
 *fill*         0x40081117        0x1 
 .iram1         0x40081118      0x1ed C:/esp/touch_pad_interrupt/build/esp32\libesp32.a(system_api.o)
                                0x22c (size before relaxing)
                0x40081190                esp_restart_noos
                0x400812e4                system_restart
                0x400812e4                esp_restart
 *fill*         0x40081305        0x3 
 .iram1         0x40081308      0x197 C:/esp/touch_pad_interrupt/build/esp32\libesp32.a(dport_access.o)
                                0x1a3 (size before relaxing)
                0x40081308                esp_dport_access_stall_other_cpu_start
                0x400813b8                esp_dport_access_stall_other_cpu_end
                0x40081434                esp_dport_access_stall_other_cpu_start_wrap
                0x4008143c                esp_dport_access_stall_other_cpu_end_wrap
                0x40081444                esp_dport_access_int_pause
                0x40081468                esp_dport_access_int_abort
                0x4008147c                esp_dport_access_int_resume
 *fill*         0x4008149f        0x1 
 .iram1         0x400814a0      0x1e5 C:/esp/touch_pad_interrupt/build/esp32\libesp32.a(esp_timer.o)
                                0x1fd (size before relaxing)
                0x400815bc                esp_timer_stop
                0x400815e0                esp_timer_get_time
                0x400815f0                esp_timer_start_once
                0x40081634                esp_timer_start_periodic
 *fill*         0x40081685        0x3 
 .iram1         0x40081688      0x2b6 C:/esp/touch_pad_interrupt/build/esp32\libesp32.a(intr_alloc.o)
                                0x2ce (size before relaxing)
                0x400816c4                esp_intr_set_in_iram
                0x4008174c                esp_intr_enable
                0x400817d4                esp_intr_disable
                0x4008189c                esp_intr_noniram_disable
                0x400818e8                esp_intr_noniram_enable
                0x40081928                ets_isr_unmask
                0x40081934                ets_isr_mask
 *fill*         0x4008193e        0x2 
 .iram1         0x40081940       0x7f C:/esp/touch_pad_interrupt/build/esp32\libesp32.a(ipc.o)
                                 0x8b (size before relaxing)
 *fill*         0x400819bf        0x1 
 .iram1         0x400819c0       0x3a C:/esp/touch_pad_interrupt/build/esp32\libesp32.a(cache_err_int.o)
                                 0x4a (size before relaxing)
                0x400819c0                esp_cache_err_get_cpuid
 *fill*         0x400819fa        0x2 
 .iram1         0x400819fc       0x27 C:/esp/touch_pad_interrupt/build/esp32\libesp32.a(freertos_hooks.o)
                0x400819fc                esp_vApplicationTickHook
 *fill*         0x40081a23        0x1 
 .iram1         0x40081a24       0x37 C:/esp/touch_pad_interrupt/build/esp32\libesp32.a(clk.o)
                0x40081a24                esp_clk_cpu_freq
                0x40081a34                esp_clk_apb_freq
                0x40081a4c                ets_update_cpu_frequency
 *fill*         0x40081a5b        0x1 
 .iram1         0x40081a5c      0x447 C:/esp/touch_pad_interrupt/build/esp32\libesp32.a(esp_timer_esp32.o)
                                0x453 (size before relaxing)
                0x40081b10                esp_timer_impl_get_time
                0x40081c40                esp_timer_impl_set_alarm
                0x40081de0                esp_timer_impl_update_apb_freq
                0x40081e98                esp_timer_impl_get_min_period_us
 *fill*         0x40081ea3        0x1 
 .iram1         0x40081ea4       0xb0 C:/esp/touch_pad_interrupt/build/esp32\libesp32.a(crosscore_int.o)
                                 0xc0 (size before relaxing)
                0x40081f3c                esp_crosscore_int_send_yield
                0x40081f48                esp_crosscore_int_send_freq_switch
 .iram1         0x40081f54       0x1a C:/esp/touch_pad_interrupt/build/freertos\libfreertos.a(port.o)
                0x40081f54                xPortInterruptedFromISRContext
 *fill*         0x40081f6e        0x2 
 .iram1         0x40081f70      0x4b4 C:/esp/touch_pad_interrupt/build/freertos\libfreertos.a(xtensa_vectors.o)
                0x40081f70                _xt_panic
                0x40082088                _xt_user_exit
                0x40082374                _xt_medint2_exit
                0x40082410                _xt_medint3_exit
 .iram1         0x40082424      0x3dd C:/esp/touch_pad_interrupt/build/heap\libheap.a(heap_caps.o)
                                0x3f5 (size before relaxing)
                0x400824b4                heap_caps_malloc
                0x40082550                heap_caps_malloc_default
                0x40082594                heap_caps_malloc_prefer
                0x400825ec                heap_caps_free
                0x40082624                heap_caps_realloc
                0x400826d0                heap_caps_realloc_default
                0x40082728                heap_caps_realloc_prefer
                0x4008278c                heap_caps_calloc
                0x400827ac                heap_caps_calloc_prefer
 *fill*         0x40082801        0x3 
 .iram1         0x40082804      0x18a C:/esp/touch_pad_interrupt/build/log\liblog.a(log.o)
                                0x19a (size before relaxing)
                0x40082804                esp_log_write
                0x40082934                esp_log_early_timestamp
                0x40082950                esp_log_timestamp
 *fill*         0x4008298e        0x2 
 .iram1         0x40082990      0x1cc C:/esp/touch_pad_interrupt/build/newlib\libnewlib.a(locks.o)
                                0x210 (size before relaxing)
                0x40082aa8                _lock_init
                0x40082ab8                _lock_init_recursive
                0x40082ac8                _lock_close
                0x40082b04                _lock_acquire
                0x40082b14                _lock_acquire_recursive
                0x40082b24                _lock_try_acquire
                0x40082b34                _lock_try_acquire_recursive
                0x40082b44                _lock_release
                0x40082b50                _lock_release_recursive
 .iram1         0x40082b5c       0x4a C:/esp/touch_pad_interrupt/build/newlib\libnewlib.a(syscalls.o)
                                 0x52 (size before relaxing)
                0x40082b5c                _malloc_r
                0x40082b68                _free_r
                0x40082b74                _realloc_r
                0x40082b88                _calloc_r
 *fill*         0x40082ba6        0x2 
 .iram1         0x40082ba8       0x3c C:/esp/touch_pad_interrupt/build/newlib\libnewlib.a(reent_init.o)
                0x40082ba8                esp_reent_init
 .iram1         0x40082be4       0x6c C:/esp/touch_pad_interrupt/build/newlib\libnewlib.a(time.o)
                                 0x74 (size before relaxing)
                0x40082be4                _gettimeofday_r
                0x40082c28                _times_r
 .iram1         0x40082c50      0x11a C:/esp/touch_pad_interrupt/build/soc\libsoc.a(cpu_util.o)
                0x40082c50                esp_cpu_stall
                0x40082ce4                esp_cpu_unstall
                0x40082d38                esp_cpu_reset
                0x40082d5c                esp_cpu_in_ocd_debug_mode
 *fill*         0x40082d6a        0x2 
 .iram1         0x40082d6c      0x722 C:/esp/touch_pad_interrupt/build/spi_flash\libspi_flash.a(flash_ops.o)
                                0x74a (size before relaxing)
                0x40082ddc                spi_flash_guard_set
                0x40082de8                spi_flash_guard_get
                0x40082df4                spi_flash_get_chip_size
                0x40082e00                spi_flash_erase_range
                0x40082eb8                spi_flash_erase_sector
                0x40082edc                spi_flash_write
                0x400830a4                spi_flash_read
                0x4008333c                spi_flash_read_encrypted
                0x40083384                spi_flash_write_encrypted
 *fill*         0x4008348e        0x2 
 .iram1         0x40083490      0x334 C:/esp/touch_pad_interrupt/build/spi_flash\libspi_flash.a(cache_utils.o)
                                0x39c (size before relaxing)
                0x4008350c                spi_flash_op_block_func
                0x400835e4                spi_flash_disable_interrupts_caches_and_other_cpu
                0x400836b0                spi_flash_enable_interrupts_caches_and_other_cpu
                0x40083748                spi_flash_disable_interrupts_caches_and_other_cpu_no_os
                0x40083774                spi_flash_enable_interrupts_caches_no_os
                0x40083790                spi_flash_cache_enabled
 .iram1         0x400837c4      0x480 C:/esp/touch_pad_interrupt/build/spi_flash\libspi_flash.a(flash_mmap.o)
                                0x4b0 (size before relaxing)
                0x400838c8                spi_flash_mmap_pages
                0x40083ae4                spi_flash_mmap
                0x40083b50                spi_flash_munmap
                0x40083bfc                spi_flash_mark_modified_region
 .iram1         0x40083c44      0x129 C:/esp/touch_pad_interrupt/build/driver\libdriver.a(rtc_module.o)
                                0x13d (size before relaxing)
                0x40083c44                touch_pad_get_status
                0x40083c6c                touch_pad_clear_status
                0x40083c98                touch_pad_read_filtered
 *fill*         0x40083d6d        0x0 
 *fill*         0x40083d6d        0x0 
 *fill*         0x40083d6d        0x0 
 *fill*         0x40083d6d        0x0 
 *fill*         0x40083d6d        0x0 
 *fill*         0x40083d6d        0x0 
 *fill*         0x40083d6d        0x0 
 *fill*         0x40083d6d        0x0 
 *fill*         0x40083d6d        0x0 
 *fill*         0x40083d6d        0x0 
 *fill*         0x40083d6d        0x0 
 *fill*         0x40083d6d        0x3 
 .iram1         0x40083d70       0x2e C:/esp/touch_pad_interrupt/build/freertos\libfreertos.a(xtensa_vector_defaults.o)
                0x40083d70                xt_debugexception
                0x40083d90                xt_highint5
                0x40083d98                xt_nmi
                0x40083d98                _xt_nmi
 *fill*         0x40083d9e        0x0 
 *fill*         0x40083d9e        0x0 
 *fill*         0x40083d9e        0x0 
 *fill*         0x40083d9e        0x0 
 *fill*         0x40083d9e        0x0 
 *fill*         0x40083d9e        0x0 
 *libfreertos.a:(.literal .text .literal.* .text.*)
 *fill*         0x40083d9e        0x2 
 .text.prvResetNextTaskUnblockTime
                0x40083da0       0x34 C:/esp/touch_pad_interrupt/build/freertos\libfreertos.a(tasks.o)
 .text.prvDeleteTLS
                0x40083dd4       0x40 C:/esp/touch_pad_interrupt/build/freertos\libfreertos.a(tasks.o)
 .text.prvInitialiseNewTask
                0x40083e14       0xc4 C:/esp/touch_pad_interrupt/build/freertos\libfreertos.a(tasks.o)
                                 0xd0 (size before relaxing)
 .text.prvInitialiseTaskLists
                0x40083ed8       0x5a C:/esp/touch_pad_interrupt/build/freertos\libfreertos.a(tasks.o)
                                 0x6e (size before relaxing)
 *fill*         0x40083f32        0x2 
 .text.prvDeleteTCB
                0x40083f34       0x56 C:/esp/touch_pad_interrupt/build/freertos\libfreertos.a(tasks.o)
                                 0x5d (size before relaxing)
 *fill*         0x40083f8a        0x2 
 .text.prvAddCurrentTaskToDelayedList
                0x40083f8c       0x66 C:/esp/touch_pad_interrupt/build/freertos\libfreertos.a(tasks.o)
                                 0x6a (size before relaxing)
 *fill*         0x40083ff2        0x2 
 .text.taskYIELD_OTHER_CORE
                0x40083ff4       0x53 C:/esp/touch_pad_interrupt/build/freertos\libfreertos.a(tasks.o)
                0x40083ff4                taskYIELD_OTHER_CORE
 *fill*         0x40084047        0x1 
 .text.vTaskSuspendAll
                0x40084048       0x26 C:/esp/touch_pad_interrupt/build/freertos\libfreertos.a(tasks.o)
                0x40084048                vTaskSuspendAll
 *fill*         0x4008406e        0x2 
 .text.xTaskGetIdleTaskHandleForCPU
                0x40084070       0x2a C:/esp/touch_pad_interrupt/build/freertos\libfreertos.a(tasks.o)
                                 0x2e (size before relaxing)
                0x40084070                xTaskGetIdleTaskHandleForCPU
 *fill*         0x4008409a        0x2 
 .text.vTaskSwitchContext
                0x4008409c      0x27e C:/esp/touch_pad_interrupt/build/freertos\libfreertos.a(tasks.o)
                                0x28a (size before relaxing)
                0x4008409c                vTaskSwitchContext
 *fill*         0x4008431a        0x2 
 .text.vTaskSetTimeOutState
                0x4008431c       0x34 C:/esp/touch_pad_interrupt/build/freertos\libfreertos.a(tasks.o)
                0x4008431c                vTaskSetTimeOutState
 .text.xTaskGetCurrentTaskHandle
                0x40084350       0x1f C:/esp/touch_pad_interrupt/build/freertos\libfreertos.a(tasks.o)
                0x40084350                xTaskGetCurrentTaskHandle
 *fill*         0x4008436f        0x1 
 .text.__getreent
                0x40084370       0x19 C:/esp/touch_pad_interrupt/build/freertos\libfreertos.a(tasks.o)
                0x40084370                __getreent
 *fill*         0x40084389        0x3 
 .text.pcTaskGetTaskName
                0x4008438c       0x2a C:/esp/touch_pad_interrupt/build/freertos\libfreertos.a(tasks.o)
                                 0x2d (size before relaxing)
                0x4008438c                pcTaskGetTaskName
 *fill*         0x400843b6        0x2 
 .text.xTaskGetAffinity
                0x400843b8       0x10 C:/esp/touch_pad_interrupt/build/freertos\libfreertos.a(tasks.o)
                                 0x13 (size before relaxing)
                0x400843b8                xTaskGetAffinity
 *fill*         0x400843c8        0x0 
 .text.xTaskGetCurrentTaskHandleForCPU
                0x400843c8       0x18 C:/esp/touch_pad_interrupt/build/freertos\libfreertos.a(tasks.o)
                0x400843c8                xTaskGetCurrentTaskHandleForCPU
 .text.xTaskGetSchedulerState
                0x400843e0       0x37 C:/esp/touch_pad_interrupt/build/freertos\libfreertos.a(tasks.o)
                0x400843e0                xTaskGetSchedulerState
 *fill*         0x40084417        0x1 
 .text.vTaskEnterCritical
                0x40084418       0xac C:/esp/touch_pad_interrupt/build/freertos\libfreertos.a(tasks.o)
                                 0xb3 (size before relaxing)
                0x40084418                vTaskEnterCritical
 *fill*         0x400844c4        0x0 
 .text.vTaskExitCritical
                0x400844c4       0x83 C:/esp/touch_pad_interrupt/build/freertos\libfreertos.a(tasks.o)
                                 0x8a (size before relaxing)
                0x400844c4                vTaskExitCritical
 *fill*         0x40084547        0x1 
 .text.prvAddNewTaskToReadyList
                0x40084548      0x15c C:/esp/touch_pad_interrupt/build/freertos\libfreertos.a(tasks.o)
                                0x173 (size before relaxing)
 *fill*         0x400846a4        0x0 
 .text.xTaskCreatePinnedToCore
                0x400846a4       0x6e C:/esp/touch_pad_interrupt/build/freertos\libfreertos.a(tasks.o)
                                 0x76 (size before relaxing)
                0x400846a4                xTaskCreatePinnedToCore
 *fill*         0x40084712        0x2 
 .text.vTaskStartScheduler
                0x40084714       0x67 C:/esp/touch_pad_interrupt/build/freertos\libfreertos.a(tasks.o)
                                 0x72 (size before relaxing)
                0x40084714                vTaskStartScheduler
 *fill*         0x4008477b        0x1 
 .text.vTaskDelete
                0x4008477c      0x10a C:/esp/touch_pad_interrupt/build/freertos\libfreertos.a(tasks.o)
                                0x122 (size before relaxing)
                0x4008477c                vTaskDelete
 *fill*         0x40084886        0x2 
 .text.vTaskDelay
                0x40084888       0x70 C:/esp/touch_pad_interrupt/build/freertos\libfreertos.a(tasks.o)
                                 0x80 (size before relaxing)
                0x40084888                vTaskDelay
 .text.prvCheckTasksWaitingTermination
                0x400848f8       0xbe C:/esp/touch_pad_interrupt/build/freertos\libfreertos.a(tasks.o)
                                 0xc6 (size before relaxing)
 *fill*         0x400849b6        0x2 
 .text.prvIdleTask
                0x400849b8        0xc C:/esp/touch_pad_interrupt/build/freertos\libfreertos.a(tasks.o)
                                 0x12 (size before relaxing)
 *fill*         0x400849c4        0x0 
 .text.xTaskGetTickCount
                0x400849c4       0x1c C:/esp/touch_pad_interrupt/build/freertos\libfreertos.a(tasks.o)
                                 0x20 (size before relaxing)
                0x400849c4                xTaskGetTickCount
 .text.xTaskIncrementTick
                0x400849e0      0x1b2 C:/esp/touch_pad_interrupt/build/freertos\libfreertos.a(tasks.o)
                                0x1ce (size before relaxing)
                0x400849e0                xTaskIncrementTick
 *fill*         0x40084b92        0x2 
 .text.xTaskResumeAll
                0x40084b94      0x173 C:/esp/touch_pad_interrupt/build/freertos\libfreertos.a(tasks.o)
                                0x186 (size before relaxing)
                0x40084b94                xTaskResumeAll
 *fill*         0x40084d07        0x1 
 .text.vTaskPlaceOnEventList
                0x40084d08       0x83 C:/esp/touch_pad_interrupt/build/freertos\libfreertos.a(tasks.o)
                                 0x97 (size before relaxing)
                0x40084d08                vTaskPlaceOnEventList
 *fill*         0x40084d8b        0x1 
 .text.vTaskPlaceOnEventListRestricted
                0x40084d8c       0x5b C:/esp/touch_pad_interrupt/build/freertos\libfreertos.a(tasks.o)
                                 0x6f (size before relaxing)
                0x40084d8c                vTaskPlaceOnEventListRestricted
 *fill*         0x40084de7        0x1 
 .text.xTaskRemoveFromEventList
                0x40084de8      0x134 C:/esp/touch_pad_interrupt/build/freertos\libfreertos.a(tasks.o)
                                0x143 (size before relaxing)
                0x40084de8                xTaskRemoveFromEventList
 *fill*         0x40084f1c        0x0 
 .text.xTaskCheckForTimeOut
                0x40084f1c       0x8b C:/esp/touch_pad_interrupt/build/freertos\libfreertos.a(tasks.o)
                                 0x96 (size before relaxing)
                0x40084f1c                xTaskCheckForTimeOut
 *fill*         0x40084fa7        0x1 
 .text.vTaskPriorityInherit
                0x40084fa8       0xc4 C:/esp/touch_pad_interrupt/build/freertos\libfreertos.a(tasks.o)
                                 0xdb (size before relaxing)
                0x40084fa8                vTaskPriorityInherit
 *fill*         0x4008506c        0x0 
 .text.xTaskPriorityDisinherit
                0x4008506c       0x97 C:/esp/touch_pad_interrupt/build/freertos\libfreertos.a(tasks.o)
                                 0xaa (size before relaxing)
                0x4008506c                xTaskPriorityDisinherit
 *fill*         0x40085103        0x1 
 .text.pvTaskIncrementMutexHeldCount
                0x40085104       0x50 C:/esp/touch_pad_interrupt/build/freertos\libfreertos.a(tasks.o)
                                 0x54 (size before relaxing)
                0x40085104                pvTaskIncrementMutexHeldCount
 .text.pxPortInitialiseStack
                0x40085154       0x50 C:/esp/touch_pad_interrupt/build/freertos\libfreertos.a(port.o)
                0x40085154                pxPortInitialiseStack
 .text.xPortStartScheduler
                0x400851a4       0x22 C:/esp/touch_pad_interrupt/build/freertos\libfreertos.a(port.o)
                                 0x2e (size before relaxing)
                0x400851a4                xPortStartScheduler
 *fill*         0x400851c6        0x2 
 .text.xPortSysTickHandler
                0x400851c8       0x10 C:/esp/touch_pad_interrupt/build/freertos\libfreertos.a(port.o)
                                 0x16 (size before relaxing)
                0x400851c8                xPortSysTickHandler
 *fill*         0x400851d8        0x0 
 .text.vPortYieldOtherCore
                0x400851d8        0xa C:/esp/touch_pad_interrupt/build/freertos\libfreertos.a(port.o)
                                  0xe (size before relaxing)
                0x400851d8                vPortYieldOtherCore
 *fill*         0x400851e2        0x2 
 .text.vPortReleaseTaskMPUSettings
                0x400851e4        0xa C:/esp/touch_pad_interrupt/build/freertos\libfreertos.a(port.o)
                                  0xe (size before relaxing)
                0x400851e4                vPortReleaseTaskMPUSettings
 *fill*         0x400851ee        0x2 
 .text.xPortInIsrContext
                0x400851f0       0x26 C:/esp/touch_pad_interrupt/build/freertos\libfreertos.a(port.o)
                0x400851f0                xPortInIsrContext
 *fill*         0x40085216        0x2 
 .text.vPortCPUInitializeMutex
                0x40085218        0xe C:/esp/touch_pad_interrupt/build/freertos\libfreertos.a(port.o)
                0x40085218                vPortCPUInitializeMutex
 *fill*         0x40085226        0x2 
 .text.vPortCPUAcquireMutex
                0x40085228       0x81 C:/esp/touch_pad_interrupt/build/freertos\libfreertos.a(port.o)
                                 0x88 (size before relaxing)
                0x40085228                vPortCPUAcquireMutex
 *fill*         0x400852a9        0x3 
 .text.vPortCPUReleaseMutex
                0x400852ac       0x59 C:/esp/touch_pad_interrupt/build/freertos\libfreertos.a(port.o)
                                 0x61 (size before relaxing)
                0x400852ac                vPortCPUReleaseMutex
 *fill*         0x40085305        0x3 
 .text._xt_tick_divisor_init
                0x40085308       0x1c C:/esp/touch_pad_interrupt/build/freertos\libfreertos.a(xtensa_init.o)
                                 0x1f (size before relaxing)
                0x40085308                _xt_tick_divisor_init
 *fill*         0x40085324        0x0 
 .text.prvIsQueueFull
                0x40085324       0x2a C:/esp/touch_pad_interrupt/build/freertos\libfreertos.a(queue.o)
 *fill*         0x4008534e        0x2 
 .text.prvCopyDataToQueue
                0x40085350       0x9e C:/esp/touch_pad_interrupt/build/freertos\libfreertos.a(queue.o)
 *fill*         0x400853ee        0x2 
 .text.prvNotifyQueueSetContainer
                0x400853f0       0x6a C:/esp/touch_pad_interrupt/build/freertos\libfreertos.a(queue.o)
                                 0x76 (size before relaxing)
 *fill*         0x4008545a        0x2 
 .text.prvCopyDataFromQueue
                0x4008545c       0x24 C:/esp/touch_pad_interrupt/build/freertos\libfreertos.a(queue.o)
 .text.xQueueGenericReset
                0x40085480       0x86 C:/esp/touch_pad_interrupt/build/freertos\libfreertos.a(queue.o)
                                 0x96 (size before relaxing)
                0x40085480                xQueueGenericReset
 *fill*         0x40085506        0x2 
 .text.prvInitialiseNewQueue
                0x40085508       0x1f C:/esp/touch_pad_interrupt/build/freertos\libfreertos.a(queue.o)
                                 0x23 (size before relaxing)
 *fill*         0x40085527        0x1 
 .text.xQueueGenericCreate
                0x40085528       0x49 C:/esp/touch_pad_interrupt/build/freertos\libfreertos.a(queue.o)
                                 0x4d (size before relaxing)
                0x40085528                xQueueGenericCreate
 *fill*         0x40085571        0x3 
 .text.xQueueGetMutexHolder
                0x40085574       0x23 C:/esp/touch_pad_interrupt/build/freertos\libfreertos.a(queue.o)
                0x40085574                xQueueGetMutexHolder
 *fill*         0x40085597        0x1 
 .text.xQueueCreateCountingSemaphore
                0x40085598       0x66 C:/esp/touch_pad_interrupt/build/freertos\libfreertos.a(queue.o)
                                 0x6a (size before relaxing)
                0x40085598                xQueueCreateCountingSemaphore
 *fill*         0x400855fe        0x2 
 .text.xQueueGenericSend
                0x40085600      0x158 C:/esp/touch_pad_interrupt/build/freertos\libfreertos.a(queue.o)
                                0x18c (size before relaxing)
                0x40085600                xQueueGenericSend
 .text.prvInitialiseMutex
                0x40085758       0x22 C:/esp/touch_pad_interrupt/build/freertos\libfreertos.a(queue.o)
                                 0x26 (size before relaxing)
 *fill*         0x4008577a        0x2 
 .text.xQueueCreateMutex
                0x4008577c       0x16 C:/esp/touch_pad_interrupt/build/freertos\libfreertos.a(queue.o)
                                 0x1a (size before relaxing)
                0x4008577c                xQueueCreateMutex
 *fill*         0x40085792        0x2 
 .text.xQueueGiveMutexRecursive
                0x40085794       0x48 C:/esp/touch_pad_interrupt/build/freertos\libfreertos.a(queue.o)
                                 0x4c (size before relaxing)
                0x40085794                xQueueGiveMutexRecursive
 .text.xQueueGenericSendFromISR
                0x400857dc       0xd6 C:/esp/touch_pad_interrupt/build/freertos\libfreertos.a(queue.o)
                                 0xe6 (size before relaxing)
                0x400857dc                xQueueGenericSendFromISR
 *fill*         0x400858b2        0x2 
 .text.xQueueGiveFromISR
                0x400858b4       0xb6 C:/esp/touch_pad_interrupt/build/freertos\libfreertos.a(queue.o)
                                 0xc2 (size before relaxing)
                0x400858b4                xQueueGiveFromISR
 *fill*         0x4008596a        0x2 
 .text.xQueueGenericReceive
                0x4008596c      0x144 C:/esp/touch_pad_interrupt/build/freertos\libfreertos.a(queue.o)
                                0x178 (size before relaxing)
                0x4008596c                xQueueGenericReceive
 .text.xQueueTakeMutexRecursive
                0x40085ab0       0x51 C:/esp/touch_pad_interrupt/build/freertos\libfreertos.a(queue.o)
                0x40085ab0                xQueueTakeMutexRecursive
 *fill*         0x40085b01        0x3 
 .text.xQueueReceiveFromISR
                0x40085b04       0x96 C:/esp/touch_pad_interrupt/build/freertos\libfreertos.a(queue.o)
                                 0xa6 (size before relaxing)
                0x40085b04                xQueueReceiveFromISR
 *fill*         0x40085b9a        0x2 
 .text.vQueueDelete
                0x40085b9c       0x28 C:/esp/touch_pad_interrupt/build/freertos\libfreertos.a(queue.o)
                0x40085b9c                vQueueDelete
 .text.vQueueWaitForMessageRestricted
                0x40085bc4       0x23 C:/esp/touch_pad_interrupt/build/freertos\libfreertos.a(queue.o)
                                 0x2a (size before relaxing)
                0x40085bc4                vQueueWaitForMessageRestricted
 *fill*         0x40085be7        0x1 
 .text.xt_unhandled_interrupt
                0x40085be8       0x16 C:/esp/touch_pad_interrupt/build/freertos\libfreertos.a(xtensa_intr.o)
                0x40085be8                xt_unhandled_interrupt
 *fill*         0x40085bfe        0x2 
 .text.xt_set_interrupt_handler
                0x40085c00       0x46 C:/esp/touch_pad_interrupt/build/freertos\libfreertos.a(xtensa_intr.o)
                0x40085c00                xt_set_interrupt_handler
 *fill*         0x40085c46        0x2 
 .text          0x40085c48      0x1d0 C:/esp/touch_pad_interrupt/build/freertos\libfreertos.a(portasm.o)
                0x40085c48                _frxt_setup_switch
                0x40085c60                _frxt_int_enter
                0x40085ca8                _frxt_int_exit
                0x40085cf8                _frxt_timer_int
                0x40085d20                _frxt_tick_timer_init
                0x40085d38                _frxt_dispatch
                0x40085d80                vPortYield
                0x40085dcc                vPortYieldFromInt
                0x40085dec                _frxt_task_coproc_state
 .text          0x40085e18      0x12b C:/esp/touch_pad_interrupt/build/freertos\libfreertos.a(xtensa_context.o)
                0x40085e18                _xt_context_save
                0x40085e80                _xt_context_restore
                0x40085ec4                _xt_coproc_init
                0x40085ed8                _xt_coproc_release
                0x40085f04                _xt_coproc_savecs
                0x40085f24                _xt_coproc_restorecs
 *fill*         0x40085f43        0x1 
 .text.prvGetNextExpireTime
                0x40085f44       0x20 C:/esp/touch_pad_interrupt/build/freertos\libfreertos.a(timers.o)
 .text.prvInsertTimerInActiveList
                0x40085f64       0x50 C:/esp/touch_pad_interrupt/build/freertos\libfreertos.a(timers.o)
                                 0x54 (size before relaxing)
 .text.prvCheckForValidListAndQueue
                0x40085fb4       0x66 C:/esp/touch_pad_interrupt/build/freertos\libfreertos.a(timers.o)
                                 0x7e (size before relaxing)
 *fill*         0x4008601a        0x2 
 .text.prvInitialiseNewTimer
                0x4008601c       0x36 C:/esp/touch_pad_interrupt/build/freertos\libfreertos.a(timers.o)
                                 0x3a (size before relaxing)
 *fill*         0x40086052        0x2 
 .text.xTimerCreateTimerTask
                0x40086054       0x48 C:/esp/touch_pad_interrupt/build/freertos\libfreertos.a(timers.o)
                                 0x4c (size before relaxing)
                0x40086054                xTimerCreateTimerTask
 .text.xTimerCreate
                0x4008609c       0x22 C:/esp/touch_pad_interrupt/build/freertos\libfreertos.a(timers.o)
                                 0x26 (size before relaxing)
                0x4008609c                xTimerCreate
 *fill*         0x400860be        0x2 
 .text.xTimerGenericCommand
                0x400860c0       0x55 C:/esp/touch_pad_interrupt/build/freertos\libfreertos.a(timers.o)
                                 0x5d (size before relaxing)
                0x400860c0                xTimerGenericCommand
 *fill*         0x40086115        0x3 
 .text.prvSwitchTimerLists
                0x40086118       0x76 C:/esp/touch_pad_interrupt/build/freertos\libfreertos.a(timers.o)
                                 0x82 (size before relaxing)
 *fill*         0x4008618e        0x2 
 .text.prvSampleTimeNow
                0x40086190       0x2b C:/esp/touch_pad_interrupt/build/freertos\libfreertos.a(timers.o)
                                 0x2f (size before relaxing)
 *fill*         0x400861bb        0x1 
 .text.prvProcessExpiredTimer
                0x400861bc       0x53 C:/esp/touch_pad_interrupt/build/freertos\libfreertos.a(timers.o)
                                 0x5f (size before relaxing)
 *fill*         0x4008620f        0x1 
 .text.prvProcessTimerOrBlockTask
                0x40086210       0x58 C:/esp/touch_pad_interrupt/build/freertos\libfreertos.a(timers.o)
                                 0x6c (size before relaxing)
 .text.prvProcessReceivedCommands
                0x40086268       0xd6 C:/esp/touch_pad_interrupt/build/freertos\libfreertos.a(timers.o)
                                 0xe6 (size before relaxing)
 *fill*         0x4008633e        0x2 
 .text.prvTimerTask
                0x40086340       0x15 C:/esp/touch_pad_interrupt/build/freertos\libfreertos.a(timers.o)
                                 0x1d (size before relaxing)
 *fill*         0x40086355        0x0 
 *fill*         0x40086355        0x0 
 *fill*         0x40086355        0x0 
 *fill*         0x40086355        0x0 
 *fill*         0x40086355        0x0 
 *fill*         0x40086355        0x0 
 *fill*         0x40086355        0x0 
 *fill*         0x40086355        0x0 
 *fill*         0x40086355        0x0 
 *fill*         0x40086355        0x0 
 *fill*         0x40086355        0x0 
 *fill*         0x40086355        0x0 
 *fill*         0x40086355        0x0 
 *fill*         0x40086355        0x0 
 *fill*         0x40086355        0x0 
 *fill*         0x40086355        0x0 
 *fill*         0x40086355        0x0 
 *fill*         0x40086355        0x0 
 *fill*         0x40086355        0x0 
 *fill*         0x40086355        0x0 
 *fill*         0x40086355        0x0 
 *fill*         0x40086355        0x0 
 *fill*         0x40086355        0x0 
 *fill*         0x40086355        0x0 
 *fill*         0x40086355        0x0 
 *fill*         0x40086355        0x0 
 *fill*         0x40086355        0x0 
 *fill*         0x40086355        0x0 
 *fill*         0x40086355        0x0 
 *fill*         0x40086355        0x0 
 *fill*         0x40086355        0x0 
 *fill*         0x40086355        0x3 
 .text.vPortStoreTaskMPUSettings
                0x40086358       0x13 C:/esp/touch_pad_interrupt/build/freertos\libfreertos.a(port.o)
                0x40086358                vPortStoreTaskMPUSettings
 *fill*         0x4008636b        0x0 
 *fill*         0x4008636b        0x0 
 *fill*         0x4008636b        0x0 
 *fill*         0x4008636b        0x0 
 *fill*         0x4008636b        0x0 
 *fill*         0x4008636b        0x1 
 .text.vListInitialise
                0x4008636c       0x15 C:/esp/touch_pad_interrupt/build/freertos\libfreertos.a(list.o)
                0x4008636c                vListInitialise
 *fill*         0x40086381        0x3 
 .text.vListInitialiseItem
                0x40086384        0x9 C:/esp/touch_pad_interrupt/build/freertos\libfreertos.a(list.o)
                0x40086384                vListInitialiseItem
 *fill*         0x4008638d        0x3 
 .text.vListInsertEnd
                0x40086390       0x1b C:/esp/touch_pad_interrupt/build/freertos\libfreertos.a(list.o)
                0x40086390                vListInsertEnd
 *fill*         0x400863ab        0x1 
 .text.vListInsert
                0x400863ac       0x2f C:/esp/touch_pad_interrupt/build/freertos\libfreertos.a(list.o)
                0x400863ac                vListInsert
 *fill*         0x400863db        0x1 
 .text.uxListRemove
                0x400863dc       0x26 C:/esp/touch_pad_interrupt/build/freertos\libfreertos.a(list.o)
                0x400863dc                uxListRemove
 *fill*         0x40086402        0x2 
 .text.prvIsQueueEmpty
                0x40086404       0x12 C:/esp/touch_pad_interrupt/build/freertos\libfreertos.a(queue.o)
 *fill*         0x40086416        0x0 
 *fill*         0x40086416        0x0 
 *fill*         0x40086416        0x0 
 *fill*         0x40086416        0x0 
 *fill*         0x40086416        0x0 
 *fill*         0x40086416        0x0 
 *fill*         0x40086416        0x0 
 *fill*         0x40086416        0x0 
 *fill*         0x40086416        0x0 
 *fill*         0x40086416        0x0 
 *fill*         0x40086416        0x0 
 *fill*         0x40086416        0x0 
 *fill*         0x40086416        0x0 
 *fill*         0x40086416        0x0 
 *fill*         0x40086416        0x0 
 *fill*         0x40086416        0x0 
 *fill*         0x40086416        0x0 
 *fill*         0x40086416        0x0 
 *fill*         0x40086416        0x2 
 .text          0x40086418       0x33 C:/esp/touch_pad_interrupt/build/freertos\libfreertos.a(xtensa_intr_asm.o)
                0x40086418                xt_ints_on
                0x40086430                xt_ints_off
 *fill*         0x4008644b        0x0 
 *fill*         0x4008644b        0x0 
 *fill*         0x4008644b        0x0 
 *fill*         0x4008644b        0x0 
 *fill*         0x4008644b        0x0 
 *fill*         0x4008644b        0x0 
 *fill*         0x4008644b        0x0 
 *fill*         0x4008644b        0x0 
 *fill*         0x4008644b        0x0 
 *libheap.a:multi_heap.o(.literal .text .literal.* .text.*)
 *fill*         0x4008644b        0x1 
 .text.get_prev_free_block
                0x4008644c       0x68 C:/esp/touch_pad_interrupt/build/heap\libheap.a(multi_heap.o)
                                 0x77 (size before relaxing)
 *fill*         0x400864b4        0x0 
 .text.split_if_necessary
                0x400864b4       0xd6 C:/esp/touch_pad_interrupt/build/heap\libheap.a(multi_heap.o)
                                 0xe2 (size before relaxing)
 *fill*         0x4008658a        0x2 
 .text.assert_valid_block
                0x4008658c       0xac C:/esp/touch_pad_interrupt/build/heap\libheap.a(multi_heap.o)
                                 0xb4 (size before relaxing)
 .text.merge_adjacent
                0x40086638      0x12c C:/esp/touch_pad_interrupt/build/heap\libheap.a(multi_heap.o)
                                0x140 (size before relaxing)
 .text.multi_heap_get_allocated_size_impl
                0x40086764       0x38 C:/esp/touch_pad_interrupt/build/heap\libheap.a(multi_heap.o)
                                 0x3c (size before relaxing)
                0x40086764                multi_heap_get_allocated_size_impl
                0x40086764                multi_heap_get_allocated_size
 .text.multi_heap_malloc_impl
                0x4008679c      0x110 C:/esp/touch_pad_interrupt/build/heap\libheap.a(multi_heap.o)
                                0x120 (size before relaxing)
                0x4008679c                multi_heap_malloc_impl
                0x4008679c                multi_heap_malloc
 .text.multi_heap_free_impl
                0x400868ac      0x130 C:/esp/touch_pad_interrupt/build/heap\libheap.a(multi_heap.o)
                                0x14c (size before relaxing)
                0x400868ac                multi_heap_free_impl
                0x400868ac                multi_heap_free
 .text.multi_heap_realloc_impl
                0x400869dc      0x258 C:/esp/touch_pad_interrupt/build/heap\libheap.a(multi_heap.o)
                                0x274 (size before relaxing)
                0x400869dc                multi_heap_realloc_impl
                0x400869dc                multi_heap_realloc
 *fill*         0x40086c34        0x0 
 *fill*         0x40086c34        0x0 
 *fill*         0x40086c34        0x0 
 .text.multi_heap_register_impl
                0x40086c34       0x51 C:/esp/touch_pad_interrupt/build/heap\libheap.a(multi_heap.o)
                0x40086c34                multi_heap_register
                0x40086c34                multi_heap_register_impl
 *fill*         0x40086c85        0x3 
 .text.multi_heap_set_lock
                0x40086c88        0x7 C:/esp/touch_pad_interrupt/build/heap\libheap.a(multi_heap.o)
                0x40086c88                multi_heap_set_lock
 *fill*         0x40086c8f        0x0 
 *libheap.a:multi_heap_poisoning.o(.literal .text .literal.* .text.*)
 *libesp32.a:panic.o(.literal .text .literal.* .text.*)
 *fill*         0x40086c8f        0x1 
 .text.panicPutChar
                0x40086c90       0x1e C:/esp/touch_pad_interrupt/build/esp32\libesp32.a(panic.o)
 *fill*         0x40086cae        0x2 
 .text.panicPutStr
                0x40086cb0       0x1a C:/esp/touch_pad_interrupt/build/esp32\libesp32.a(panic.o)
 *fill*         0x40086cca        0x2 
 .text.panicPutHex
                0x40086ccc       0x2c C:/esp/touch_pad_interrupt/build/esp32\libesp32.a(panic.o)
                                 0x2f (size before relaxing)
 *fill*         0x40086cf8        0x0 
 .text.panicPutDec
                0x40086cf8       0x3c C:/esp/touch_pad_interrupt/build/esp32\libesp32.a(panic.o)
                                 0x46 (size before relaxing)
 *fill*         0x40086d34        0x0 
 .text.reconfigureAllWdts
                0x40086d34       0xa8 C:/esp/touch_pad_interrupt/build/esp32\libesp32.a(panic.o)
 .text.putEntry
                0x40086ddc       0x2b C:/esp/touch_pad_interrupt/build/esp32\libesp32.a(panic.o)
                                 0x37 (size before relaxing)
 *fill*         0x40086e07        0x1 
 .text.doBacktrace
                0x40086e08       0x71 C:/esp/touch_pad_interrupt/build/esp32\libesp32.a(panic.o)
                                 0x78 (size before relaxing)
 *fill*         0x40086e79        0x3 
 .text.invoke_abort
                0x40086e7c       0x1d C:/esp/touch_pad_interrupt/build/esp32\libesp32.a(panic.o)
 *fill*         0x40086e99        0x3 
 .text.haltOtherCore
                0x40086e9c       0x18 C:/esp/touch_pad_interrupt/build/esp32\libesp32.a(panic.o)
 .text.esp_panic_wdt_start
                0x40086eb4       0x84 C:/esp/touch_pad_interrupt/build/esp32\libesp32.a(panic.o)
                                 0x88 (size before relaxing)
 .text.commonErrorHandler_dump
                0x40086f38       0xd6 C:/esp/touch_pad_interrupt/build/esp32\libesp32.a(panic.o)
                                0x116 (size before relaxing)
 *fill*         0x4008700e        0x2 
 .text.esp_panic_dig_reset
                0x40087010       0x33 C:/esp/touch_pad_interrupt/build/esp32\libesp32.a(panic.o)
                                 0x37 (size before relaxing)
 *fill*         0x40087043        0x1 
 .text.abort    0x40087044       0x2a C:/esp/touch_pad_interrupt/build/esp32\libesp32.a(panic.o)
                                 0x2d (size before relaxing)
                0x40087044                abort
 *fill*         0x4008706e        0x2 
 .text.vApplicationStackOverflowHook
                0x40087070       0x17 C:/esp/touch_pad_interrupt/build/esp32\libesp32.a(panic.o)
                                 0x23 (size before relaxing)
                0x40087070                vApplicationStackOverflowHook
 *fill*         0x40087087        0x1 
 .text.esp_panic_wdt_stop
                0x40087088       0x44 C:/esp/touch_pad_interrupt/build/esp32\libesp32.a(panic.o)
                0x40087088                esp_panic_wdt_stop
 .text.commonErrorHandler
                0x400870cc       0x44 C:/esp/touch_pad_interrupt/build/esp32\libesp32.a(panic.o)
                                 0x56 (size before relaxing)
 *fill*         0x40087110        0x0 
 .text.panicHandler
                0x40087110      0x163 C:/esp/touch_pad_interrupt/build/esp32\libesp32.a(panic.o)
                                0x186 (size before relaxing)
                0x40087110                panicHandler
 *fill*         0x40087273        0x1 
 .text.xt_unhandled_exception
                0x40087274       0x77 C:/esp/touch_pad_interrupt/build/esp32\libesp32.a(panic.o)
                                 0xa1 (size before relaxing)
                0x40087274                xt_unhandled_exception
 *fill*         0x400872eb        0x1 
 .text._esp_error_check_failed
                0x400872ec       0x3c C:/esp/touch_pad_interrupt/build/esp32\libesp32.a(panic.o)
                                 0x43 (size before relaxing)
                0x400872ec                _esp_error_check_failed
 *fill*         0x40087328        0x0 
 *fill*         0x40087328        0x0 
 *fill*         0x40087328        0x0 
 *fill*         0x40087328        0x0 
 .text.setFirstBreakpoint
                0x40087328       0x13 C:/esp/touch_pad_interrupt/build/esp32\libesp32.a(panic.o)
 *fill*         0x4008733b        0x0 
 *fill*         0x4008733b        0x0 
 *fill*         0x4008733b        0x0 
 *fill*         0x4008733b        0x0 
 *fill*         0x4008733b        0x0 
 *fill*         0x4008733b        0x0 
 *fill*         0x4008733b        0x0 
 *fill*         0x4008733b        0x0 
 *fill*         0x4008733b        0x0 
 *fill*         0x4008733b        0x0 
 *libesp32.a:core_dump.o(.literal .text .literal.* .text.*)
 *libapp_trace.a:(.literal .text .literal.* .text.*)
 *libxtensa-debug-module.a:eri.o(.literal .text .literal.* .text.*)
 *librtc.a:(.literal .text .literal.* .text.*)
 *libsoc.a:(.literal .text .literal.* .text.*)
 *fill*         0x4008733b        0x1 
 .text.rtc_clk_32k_enable_internal
                0x4008733c       0x81 C:/esp/touch_pad_interrupt/build/soc\libsoc.a(rtc_clk.o)
 *fill*         0x400873bd        0x3 
 .text.rtc_clk_32k_enable
                0x400873c0       0x2d C:/esp/touch_pad_interrupt/build/soc\libsoc.a(rtc_clk.o)
                0x400873c0                rtc_clk_32k_enable
 *fill*         0x400873ed        0x3 
 .text.rtc_clk_slow_freq_set
                0x400873f0       0x27 C:/esp/touch_pad_interrupt/build/soc\libsoc.a(rtc_clk.o)
                0x400873f0                rtc_clk_slow_freq_set
 *fill*         0x40087417        0x1 
 .text.rtc_clk_slow_freq_get
                0x40087418       0x10 C:/esp/touch_pad_interrupt/build/soc\libsoc.a(rtc_clk.o)
                0x40087418                rtc_clk_slow_freq_get
 .text.rtc_clk_slow_freq_get_hz
                0x40087428       0x29 C:/esp/touch_pad_interrupt/build/soc\libsoc.a(rtc_clk.o)
                0x40087428                rtc_clk_slow_freq_get_hz
 *fill*         0x40087451        0x3 
 .text.rtc_clk_fast_freq_set
                0x40087454       0x2a C:/esp/touch_pad_interrupt/build/soc\libsoc.a(rtc_clk.o)
                0x40087454                rtc_clk_fast_freq_set
 *fill*         0x4008747e        0x2 
 .text.rtc_clk_bbpll_set
                0x40087480      0x170 C:/esp/touch_pad_interrupt/build/soc\libsoc.a(rtc_clk.o)
                                0x178 (size before relaxing)
                0x40087480                rtc_clk_bbpll_set
 .text.rtc_clk_xtal_freq_get
                0x400875f0       0x38 C:/esp/touch_pad_interrupt/build/soc\libsoc.a(rtc_clk.o)
                                 0x40 (size before relaxing)
                0x400875f0                rtc_clk_xtal_freq_get
                0x400875f0                rtc_get_xtal
 .text.rtc_clk_cpu_freq_get
                0x40087628       0x90 C:/esp/touch_pad_interrupt/build/soc\libsoc.a(rtc_clk.o)
                                 0xa0 (size before relaxing)
                0x40087628                rtc_clk_cpu_freq_get
 .text.rtc_clk_cpu_freq_value
                0x400876b8       0x45 C:/esp/touch_pad_interrupt/build/soc\libsoc.a(rtc_clk.o)
                0x400876b8                rtc_clk_cpu_freq_value
 *fill*         0x400876fd        0x3 
 .text.rtc_clk_apb_freq_update
                0x40087700       0x13 C:/esp/touch_pad_interrupt/build/soc\libsoc.a(rtc_clk.o)
                                 0x16 (size before relaxing)
                0x40087700                rtc_clk_apb_freq_update
 *fill*         0x40087713        0x1 
 .text.rtc_clk_cpu_freq_set
                0x40087714      0x1c4 C:/esp/touch_pad_interrupt/build/soc\libsoc.a(rtc_clk.o)
                                0x208 (size before relaxing)
                0x40087714                rtc_clk_cpu_freq_set
 .text.rtc_clk_apb_freq_get
                0x400878d8       0x2a C:/esp/touch_pad_interrupt/build/soc\libsoc.a(rtc_clk.o)
                0x400878d8                rtc_clk_apb_freq_get
 *fill*         0x40087902        0x2 
 .text.rtc_clk_cal_internal
                0x40087904      0x161 C:/esp/touch_pad_interrupt/build/soc\libsoc.a(rtc_time.o)
 *fill*         0x40087a65        0x3 
 .text.rtc_clk_cal
                0x40087a68       0x4e C:/esp/touch_pad_interrupt/build/soc\libsoc.a(rtc_time.o)
                                 0x52 (size before relaxing)
                0x40087a68                rtc_clk_cal
 *fill*         0x40087ab6        0x2 
 .text.rtc_time_get
                0x40087ab8       0x50 C:/esp/touch_pad_interrupt/build/soc\libsoc.a(rtc_time.o)
                0x40087ab8                rtc_time_get
 .text.rtc_clk_wait_for_slow_cycle
                0x40087b08       0x79 C:/esp/touch_pad_interrupt/build/soc\libsoc.a(rtc_time.o)
                0x40087b08                rtc_clk_wait_for_slow_cycle
 *fill*         0x40087b81        0x3 
 .text.rtc_init
                0x40087b84      0x37c C:/esp/touch_pad_interrupt/build/soc\libsoc.a(rtc_init.o)
                                0x3b8 (size before relaxing)
                0x40087b84                rtc_init
 *fill*         0x40087f00        0x0 
 *fill*         0x40087f00        0x0 
 .text.clk_val_is_valid
                0x40087f00       0x20 C:/esp/touch_pad_interrupt/build/soc\libsoc.a(rtc_clk.o)
 .text.reg_val_to_clk_val
                0x40087f20        0x8 C:/esp/touch_pad_interrupt/build/soc\libsoc.a(rtc_clk.o)
 .text.clk_val_to_reg_val
                0x40087f28        0xe C:/esp/touch_pad_interrupt/build/soc\libsoc.a(rtc_clk.o)
 *fill*         0x40087f36        0x0 
 *fill*         0x40087f36        0x0 
 *fill*         0x40087f36        0x0 
 *fill*         0x40087f36        0x0 
 *fill*         0x40087f36        0x0 
 *fill*         0x40087f36        0x0 
 *fill*         0x40087f36        0x0 
 *fill*         0x40087f36        0x0 
 *fill*         0x40087f36        0x0 
 *fill*         0x40087f36        0x0 
 *fill*         0x40087f36        0x0 
 *libhal.a:(.literal .text .literal.* .text.*)
 *fill*         0x40087f36        0x2 
 .text          0x40087f38      0x137 C:/msys32/home/asus/esp-idf/components/esp32/libhal.a(windowspill_asm.o)
                0x40087f38                xthal_spill_registers_into_stack_nw
                0x40087f38                xthal_window_spill_nw
                0x4008804c                xthal_window_spill
 *fill*         0x4008806f        0x1 
 .text          0x40088070        0x8 C:/msys32/home/asus/esp-idf/components/esp32/libhal.a(int_asm--set_intclear.o)
                0x40088070                xthal_set_intclear
 .text          0x40088078       0x48 C:/msys32/home/asus/esp-idf/components/esp32/libhal.a(clock.o)
                0x40088078                xthal_get_ccount
                0x40088080                xthal_set_ccompare
                0x400880a0                xthal_get_ccompare
 *fill*         0x400880c0        0x0 
 .text          0x400880c0       0x3e C:/msys32/home/asus/esp-idf/components/esp32/libhal.a(state_asm--restore_extra_nw.o)
                0x400880c0                xthal_restore_extra_nw
 *fill*         0x400880fe        0x2 
 .text          0x40088100       0x3e C:/msys32/home/asus/esp-idf/components/esp32/libhal.a(state_asm--save_extra_nw.o)
                0x40088100                xthal_save_extra_nw
 *libgcc.a:lib2funcs.o(.literal .text .literal.* .text.*)
 *libspi_flash.a:spi_flash_rom_patch.o(.literal .text .literal.* .text.*)
 *fill*         0x4008813e        0x2 
 .text.esp_rom_spiflash_read_status
                0x40088140       0x61 C:/esp/touch_pad_interrupt/build/spi_flash\libspi_flash.a(spi_flash_rom_patch.o)
                0x40088140                esp_rom_spiflash_read_status
 *fill*         0x400881a1        0x3 
 .text.esp_rom_spiflash_wait_idle
                0x400881a4       0x32 C:/esp/touch_pad_interrupt/build/spi_flash\libspi_flash.a(spi_flash_rom_patch.o)
                0x400881a4                esp_rom_spiflash_wait_idle
 *fill*         0x400881d6        0x2 
 .text.esp_rom_spiflash_erase_block_internal
                0x400881d8       0x38 C:/esp/touch_pad_interrupt/build/spi_flash\libspi_flash.a(spi_flash_rom_patch.o)
                                 0x3c (size before relaxing)
 .text.esp_rom_spiflash_erase_sector_internal
                0x40088210       0x44 C:/esp/touch_pad_interrupt/build/spi_flash\libspi_flash.a(spi_flash_rom_patch.o)
 .text.esp_rom_spiflash_read_data
                0x40088254      0x121 C:/esp/touch_pad_interrupt/build/spi_flash\libspi_flash.a(spi_flash_rom_patch.o)
 *fill*         0x40088375        0x3 
 .text.esp_rom_spiflash_enable_write
                0x40088378       0x39 C:/esp/touch_pad_interrupt/build/spi_flash\libspi_flash.a(spi_flash_rom_patch.o)
                                 0x3d (size before relaxing)
 *fill*         0x400883b1        0x3 